Component: Arm Compiler for Embedded 6.19 Tool: armlink [5e73cb00]

==============================================================================

Section Cross References

    startup_stm32f103xb.o(STACK) refers (Special) to heapauxi.o(.text) for __use_two_region_memory
    startup_stm32f103xb.o(HEAP) refers (Special) to heapauxi.o(.text) for __use_two_region_memory
    startup_stm32f103xb.o(RESET) refers (Special) to heapauxi.o(.text) for __use_two_region_memory
    startup_stm32f103xb.o(RESET) refers to startup_stm32f103xb.o(STACK) for __initial_sp
    startup_stm32f103xb.o(RESET) refers to startup_stm32f103xb.o(.text) for Reset_Handler
    startup_stm32f103xb.o(RESET) refers to stm32f1xx_it.o(.text.NMI_Handler) for NMI_Handler
    startup_stm32f103xb.o(RESET) refers to stm32f1xx_it.o(.text.HardFault_Handler) for HardFault_Handler
    startup_stm32f103xb.o(RESET) refers to stm32f1xx_it.o(.text.MemManage_Handler) for MemManage_Handler
    startup_stm32f103xb.o(RESET) refers to stm32f1xx_it.o(.text.BusFault_Handler) for BusFault_Handler
    startup_stm32f103xb.o(RESET) refers to stm32f1xx_it.o(.text.UsageFault_Handler) for UsageFault_Handler
    startup_stm32f103xb.o(RESET) refers to stm32f1xx_it.o(.text.SVC_Handler) for SVC_Handler
    startup_stm32f103xb.o(RESET) refers to stm32f1xx_it.o(.text.DebugMon_Handler) for DebugMon_Handler
    startup_stm32f103xb.o(RESET) refers to stm32f1xx_it.o(.text.PendSV_Handler) for PendSV_Handler
    startup_stm32f103xb.o(RESET) refers to stm32f1xx_it.o(.text.SysTick_Handler) for SysTick_Handler
    startup_stm32f103xb.o(.text) refers (Special) to heapauxi.o(.text) for __use_two_region_memory
    startup_stm32f103xb.o(.text) refers to system_stm32f1xx.o(.text.SystemInit) for SystemInit
    startup_stm32f103xb.o(.text) refers to __main.o(!!!main) for __main
    startup_stm32f103xb.o(.text) refers to startup_stm32f103xb.o(HEAP) for Heap_Mem
    startup_stm32f103xb.o(.text) refers to startup_stm32f103xb.o(STACK) for Stack_Mem
    main.o(.text.main) refers to stm32f1xx_hal.o(.text.HAL_Init) for HAL_Init
    main.o(.text.main) refers to stm32f1xx_hal_rcc.o(.text.HAL_RCC_OscConfig) for HAL_RCC_OscConfig
    main.o(.text.main) refers to stm32f1xx_hal_rcc.o(.text.HAL_RCC_ClockConfig) for HAL_RCC_ClockConfig
    main.o(.text.main) refers to gpio.o(.text.MX_GPIO_Init) for MX_GPIO_Init
    main.o(.text.main) refers to usart.o(.text.MX_USART1_UART_Init) for MX_USART1_UART_Init
    main.o(.text.main) refers to usart.o(.text.MX_USART2_UART_Init) for MX_USART2_UART_Init
    main.o(.text.main) refers to crc.o(.text.MX_CRC_Init) for MX_CRC_Init
    main.o(.text.main) refers to bootloader.o(.text.BL_Print_Message) for BL_Print_Message
    main.o(.text.main) refers to main.o(.data..L_MergedGlobals) for .L_MergedGlobals
    main.o(.text.main) refers to stm32f1xx_hal.o(.text.HAL_Delay) for HAL_Delay
    main.o(.text.main) refers to bootloader.o(.text.BL_UART_FETCH_HOST_COMMAND) for BL_UART_FETCH_HOST_COMMAND
    main.o(.ARM.exidx.text.main) refers to main.o(.text.main) for [Anonymous Symbol]
    main.o(.text.SystemClock_Config) refers to stm32f1xx_hal_rcc.o(.text.HAL_RCC_OscConfig) for HAL_RCC_OscConfig
    main.o(.text.SystemClock_Config) refers to stm32f1xx_hal_rcc.o(.text.HAL_RCC_ClockConfig) for HAL_RCC_ClockConfig
    main.o(.ARM.exidx.text.SystemClock_Config) refers to main.o(.text.SystemClock_Config) for [Anonymous Symbol]
    main.o(.ARM.exidx.text.Error_Handler) refers to main.o(.text.Error_Handler) for [Anonymous Symbol]
    gpio.o(.ARM.exidx.text.MX_GPIO_Init) refers to gpio.o(.text.MX_GPIO_Init) for [Anonymous Symbol]
    crc.o(.text.MX_CRC_Init) refers to crc.o(.bss.hcrc) for hcrc
    crc.o(.text.MX_CRC_Init) refers to stm32f1xx_hal_crc.o(.text.HAL_CRC_Init) for HAL_CRC_Init
    crc.o(.text.MX_CRC_Init) refers to main.o(.text.Error_Handler) for Error_Handler
    crc.o(.ARM.exidx.text.MX_CRC_Init) refers to crc.o(.text.MX_CRC_Init) for [Anonymous Symbol]
    crc.o(.ARM.exidx.text.HAL_CRC_MspInit) refers to crc.o(.text.HAL_CRC_MspInit) for [Anonymous Symbol]
    crc.o(.ARM.exidx.text.HAL_CRC_MspDeInit) refers to crc.o(.text.HAL_CRC_MspDeInit) for [Anonymous Symbol]
    usart.o(.text.MX_USART1_UART_Init) refers to usart.o(.bss.huart1) for huart1
    usart.o(.text.MX_USART1_UART_Init) refers to stm32f1xx_hal_uart.o(.text.HAL_UART_Init) for HAL_UART_Init
    usart.o(.text.MX_USART1_UART_Init) refers to main.o(.text.Error_Handler) for Error_Handler
    usart.o(.ARM.exidx.text.MX_USART1_UART_Init) refers to usart.o(.text.MX_USART1_UART_Init) for [Anonymous Symbol]
    usart.o(.text.MX_USART2_UART_Init) refers to usart.o(.bss.huart2) for huart2
    usart.o(.text.MX_USART2_UART_Init) refers to stm32f1xx_hal_uart.o(.text.HAL_UART_Init) for HAL_UART_Init
    usart.o(.text.MX_USART2_UART_Init) refers to main.o(.text.Error_Handler) for Error_Handler
    usart.o(.ARM.exidx.text.MX_USART2_UART_Init) refers to usart.o(.text.MX_USART2_UART_Init) for [Anonymous Symbol]
[...]
    stm32f1xx_hal_pwr.c                      0x00000000   Number         0  stm32f1xx_hal_pwr.o ABSOLUTE
    stm32f1xx_hal_rcc.c                      0x00000000   Number         0  stm32f1xx_hal_rcc.o ABSOLUTE
    stm32f1xx_hal_rcc_ex.c                   0x00000000   Number         0  stm32f1xx_hal_rcc_ex.o ABSOLUTE
    stm32f1xx_hal_tim.c                      0x00000000   Number         0  stm32f1xx_hal_tim.o ABSOLUTE
    stm32f1xx_hal_tim_ex.c                   0x00000000   Number         0  stm32f1xx_hal_tim_ex.o ABSOLUTE
    stm32f1xx_hal_uart.c                     0x00000000   Number         0  stm32f1xx_hal_uart.o ABSOLUTE
    stm32f1xx_it.c                           0x00000000   Number         0  stm32f1xx_it.o ABSOLUTE
    system_stm32f1xx.c                       0x00000000   Number         0  system_stm32f1xx.o ABSOLUTE
    usart.c                                  0x00000000   Number         0  usart.o ABSOLUTE
    RESET                                    0x08000000   Section      236  startup_stm32f103xb.o(RESET)
    !!!main                                  0x080000ec   Section        8  __main.o(!!!main)
    !!!scatter                               0x080000f4   Section       52  __scatter.o(!!!scatter)
    !!handler_copy                           0x08000128   Section       26  __scatter_copy.o(!!handler_copy)
    !!handler_zi                             0x08000144   Section       28  __scatter_zi.o(!!handler_zi)
    .ARM.Collect$$_printf_percent$$00000000  0x08000160   Section        0  _printf_percent.o(.ARM.Collect$$_printf_percent$$00000000)
    .ARM.Collect$$_printf_percent$$00000001  0x08000160   Section        6  _printf_n.o(.ARM.Collect$$_printf_percent$$00000001)
    .ARM.Collect$$_printf_percent$$00000002  0x08000166   Section        6  _printf_p.o(.ARM.Collect$$_printf_percent$$00000002)
    .ARM.Collect$$_printf_percent$$00000003  0x0800016c   Section        6  _printf_f.o(.ARM.Collect$$_printf_percent$$00000003)
    .ARM.Collect$$_printf_percent$$00000004  0x08000172   Section        6  _printf_e.o(.ARM.Collect$$_printf_percent$$00000004)
    .ARM.Collect$$_printf_percent$$00000005  0x08000178   Section        6  _printf_g.o(.ARM.Collect$$_printf_percent$$00000005)
    .ARM.Collect$$_printf_percent$$00000006  0x0800017e   Section        6  _printf_a.o(.ARM.Collect$$_printf_percent$$00000006)
    .ARM.Collect$$_printf_percent$$00000007  0x08000184   Section       10  _printf_ll.o(.ARM.Collect$$_printf_percent$$00000007)
    .ARM.Collect$$_printf_percent$$00000008  0x0800018e   Section        6  _printf_i.o(.ARM.Collect$$_printf_percent$$00000008)
    .ARM.Collect$$_printf_percent$$00000009  0x08000194   Section        6  _printf_d.o(.ARM.Collect$$_printf_percent$$00000009)
    .ARM.Collect$$_printf_percent$$0000000A  0x0800019a   Section        6  _printf_u.o(.ARM.Collect$$_printf_percent$$0000000A)
    .ARM.Collect$$_printf_percent$$0000000B  0x080001a0   Section        6  _printf_o.o(.ARM.Collect$$_printf_percent$$0000000B)
    .ARM.Collect$$_printf_percent$$0000000C  0x080001a6   Section        6  _printf_x.o(.ARM.Collect$$_printf_percent$$0000000C)
    .ARM.Collect$$_printf_percent$$0000000D  0x080001ac   Section        6  _printf_lli.o(.ARM.Collect$$_printf_percent$$0000000D)
    .ARM.Collect$$_printf_percent$$0000000E  0x080001b2   Section        6  _printf_lld.o(.ARM.Collect$$_printf_percent$$0000000E)
    .ARM.Collect$$_printf_percent$$0000000F  0x080001b8   Section        6  _printf_llu.o(.ARM.Collect$$_printf_percent$$0000000F)
    .ARM.Collect$$_printf_percent$$00000010  0x080001be   Section        6  _printf_llo.o(.ARM.Collect$$_printf_percent$$00000010)
    .ARM.Collect$$_printf_percent$$00000011  0x080001c4   Section        6  _printf_llx.o(.ARM.Collect$$_printf_percent$$00000011)
    .ARM.Collect$$_printf_percent$$00000012  0x080001ca   Section       10  _printf_l.o(.ARM.Collect$$_printf_percent$$00000012)
    .ARM.Collect$$_printf_percent$$00000013  0x080001d4   Section        6  _printf_c.o(.ARM.Collect$$_printf_percent$$00000013)
    .ARM.Collect$$_printf_percent$$00000014  0x080001da   Section        6  _printf_s.o(.ARM.Collect$$_printf_percent$$00000014)
    .ARM.Collect$$_printf_percent$$00000015  0x080001e0   Section        6  _printf_lc.o(.ARM.Collect$$_printf_percent$$00000015)
    .ARM.Collect$$_printf_percent$$00000016  0x080001e6   Section        6  _printf_ls.o(.ARM.Collect$$_printf_percent$$00000016)
    .ARM.Collect$$_printf_percent$$00000017  0x080001ec   Section        4  _printf_percent_end.o(.ARM.Collect$$_printf_percent$$00000017)
    .ARM.Collect$$libinit$$00000000          0x080001f0   Section        2  libinit.o(.ARM.Collect$$libinit$$00000000)
    .ARM.Collect$$libinit$$00000002          0x080001f2   Section        0  libinit2.o(.ARM.Collect$$libinit$$00000002)
    .ARM.Collect$$libinit$$00000004          0x080001f2   Section        0  libinit2.o(.ARM.Collect$$libinit$$00000004)
    .ARM.Collect$$libinit$$00000006          0x080001f2   Section        0  libinit2.o(.ARM.Collect$$libinit$$00000006)
    .ARM.Collect$$libinit$$0000000C          0x080001f2   Section        0  libinit2.o(.ARM.Collect$$libinit$$0000000C)
    .ARM.Collect$$libinit$$0000000E          0x080001f2   Section        0  libinit2.o(.ARM.Collect$$libinit$$0000000E)
    .ARM.Collect$$libinit$$00000010          0x080001f2   Section        0  libinit2.o(.ARM.Collect$$libinit$$00000010)
    .ARM.Collect$$libinit$$00000011          0x080001f2   Section        6  libinit2.o(.ARM.Collect$$libinit$$00000011)
    .ARM.Collect$$libinit$$00000013          0x080001f8   Section        0  libinit2.o(.ARM.Collect$$libinit$$00000013)
    .ARM.Collect$$libinit$$00000014          0x080001f8   Section       12  libinit2.o(.ARM.Collect$$libinit$$00000014)
    .ARM.Collect$$libinit$$00000015          0x08000204   Section        0  libinit2.o(.ARM.Collect$$libinit$$00000015)
    .ARM.Collect$$libinit$$00000017          0x08000204   Section        0  libinit2.o(.ARM.Collect$$libinit$$00000017)
    .ARM.Collect$$libinit$$00000018          0x08000204   Section       10  libinit2.o(.ARM.Collect$$libinit$$00000018)
    .ARM.Collect$$libinit$$00000019          0x0800020e   Section        0  libinit2.o(.ARM.Collect$$libinit$$00000019)
    .ARM.Collect$$libinit$$0000001B          0x0800020e   Section        0  libinit2.o(.ARM.Collect$$libinit$$0000001B)
    .ARM.Collect$$libinit$$0000001D          0x0800020e   Section        0  libinit2.o(.ARM.Collect$$libinit$$0000001D)
    .ARM.Collect$$libinit$$0000001F          0x0800020e   Section        0  libinit2.o(.ARM.Collect$$libinit$$0000001F)
    .ARM.Collect$$libinit$$00000021          0x0800020e   Section        0  libinit2.o(.ARM.Collect$$libinit$$00000021)
    .ARM.Collect$$libinit$$00000023          0x0800020e   Section        0  libinit2.o(.ARM.Collect$$libinit$$00000023)
    .ARM.Collect$$libinit$$00000025          0x0800020e   Section        0  libinit2.o(.ARM.Collect$$libinit$$00000025)
    .ARM.Collect$$libinit$$00000027          0x0800020e   Section        0  libinit2.o(.ARM.Collect$$libinit$$00000027)
    .ARM.Collect$$libinit$$0000002E          0x0800020e   Section        0  libinit2.o(.ARM.Collect$$libinit$$0000002E)
    .ARM.Collect$$libinit$$00000030          0x0800020e   Section        0  libinit2.o(.ARM.Collect$$libinit$$00000030)
    .ARM.Collect$$libinit$$00000032          0x0800020e   Section        0  libinit2.o(.ARM.Collect$$libinit$$00000032)
    .ARM.Collect$$libinit$$00000034          0x0800020e   Section        0  libinit2.o(.ARM.Collect$$libinit$$00000034)
    .ARM.Collect$$libinit$$00000035          0x0800020e   Section        2  libinit2.o(.ARM.Collect$$libinit$$00000035)
    .ARM.Collect$$libshutdown$$00000000      0x08000210   Section        2  libshutdown.o(.ARM.Collect$$libshutdown$$00000000)
    .ARM.Collect$$libshutdown$$00000002      0x08000212   Section        0  libshutdown2.o(.ARM.Collect$$libshutdown$$00000002)
    .ARM.Collect$$libshutdown$$00000004      0x08000212   Section        0  libshutdown2.o(.ARM.Collect$$libshutdown$$00000004)
    .ARM.Collect$$libshutdown$$00000007      0x08000212   Section        0  libshutdown2.o(.ARM.Collect$$libshutdown$$00000007)
    .ARM.Collect$$libshutdown$$0000000A      0x08000212   Section        0  libshutdown2.o(.ARM.Collect$$libshutdown$$0000000A)
    .ARM.Collect$$libshutdown$$0000000C      0x08000212   Section        0  libshutdown2.o(.ARM.Collect$$libshutdown$$0000000C)
    .ARM.Collect$$libshutdown$$0000000F      0x08000212   Section        0  libshutdown2.o(.ARM.Collect$$libshutdown$$0000000F)
    .ARM.Collect$$libshutdown$$00000010      0x08000212   Section        2  libshutdown2.o(.ARM.Collect$$libshutdown$$00000010)
    .ARM.Collect$$rtentry$$00000000          0x08000214   Section        0  __rtentry.o(.ARM.Collect$$rtentry$$00000000)
    .ARM.Collect$$rtentry$$00000002          0x08000214   Section        0  __rtentry2.o(.ARM.Collect$$rtentry$$00000002)
    .ARM.Collect$$rtentry$$00000004          0x08000214   Section        6  __rtentry4.o(.ARM.Collect$$rtentry$$00000004)
    .ARM.Collect$$rtentry$$00000009          0x0800021a   Section        0  __rtentry2.o(.ARM.Collect$$rtentry$$00000009)
    .ARM.Collect$$rtentry$$0000000A          0x0800021a   Section        4  __rtentry2.o(.ARM.Collect$$rtentry$$0000000A)
    .ARM.Collect$$rtentry$$0000000C          0x0800021e   Section        0  __rtentry2.o(.ARM.Collect$$rtentry$$0000000C)
    .ARM.Collect$$rtentry$$0000000D          0x0800021e   Section        8  __rtentry2.o(.ARM.Collect$$rtentry$$0000000D)
    .ARM.Collect$$rtexit$$00000000           0x08000226   Section        2  rtexit.o(.ARM.Collect$$rtexit$$00000000)
    .ARM.Collect$$rtexit$$00000002           0x08000228   Section        0  rtexit2.o(.ARM.Collect$$rtexit$$00000002)
    .ARM.Collect$$rtexit$$00000003           0x08000228   Section        4  rtexit2.o(.ARM.Collect$$rtexit$$00000003)
    .ARM.Collect$$rtexit$$00000004           0x0800022c   Section        6  rtexit2.o(.ARM.Collect$$rtexit$$00000004)
    .text                                    0x08000234   Section       64  startup_stm32f103xb.o(.text)
    .text                                    0x08000274   Section        0  vsprintf.o(.text)
    .text                                    0x08000298   Section       78  rt_memclr_w.o(.text)
    .text                                    0x080002e6   Section        0  heapauxi.o(.text)
    .text                                    0x080002ec   Section        0  _printf_pad.o(.text)
    .text                                    0x0800033a   Section        0  _printf_truncate.o(.text)
    .text                                    0x0800035e   Section        0  _printf_str.o(.text)
    .text                                    0x080003b0   Section        0  _printf_dec.o(.text)
    .text                                    0x08000428   Section        0  _printf_charcount.o(.text)
    _printf_input_char                       0x08000451   Thumb Code    10  _printf_char_common.o(.text)
    .text                                    0x08000450   Section        0  _printf_char_common.o(.text)
    .text                                    0x08000480   Section        0  _sputc.o(.text)
    .text                                    0x0800048c   Section        0  _printf_wctomb.o(.text)
    .text                                    0x08000548   Section        0  _printf_longlong_dec.o(.text)
    _printf_longlong_oct_internal            0x080005c5   Thumb Code     0  _printf_oct_int_ll.o(.text)
    .text                                    0x080005c4   Section        0  _printf_oct_int_ll.o(.text)
    _printf_hex_common                       0x08000635   Thumb Code     0  _printf_hex_int_ll_ptr.o(.text)
    .text                                    0x08000634   Section        0  _printf_hex_int_ll_ptr.o(.text)
    .text                                    0x080006c8   Section        0  __printf_flags_ss_wp.o(.text)
    .text                                    0x08000850   Section      138  lludiv10.o(.text)
    .text                                    0x080008da   Section        0  _printf_intcommon.o(.text)
    _fp_digits                               0x0800098d   Thumb Code   432  _printf_fp_dec.o(.text)
    .text                                    0x0800098c   Section        0  _printf_fp_dec.o(.text)
    .text                                    0x08000da8   Section        0  _printf_fp_hex.o(.text)
    .text                                    0x080010a4   Section        0  _printf_char.o(.text)
    .text                                    0x080010d0   Section        0  _printf_wchar.o(.text)
    .text                                    0x080010fc   Section        0  _c16rtomb.o(.text)
    .text                                    0x08001144   Section       74  sys_stackheap_outer.o(.text)
    .text                                    0x08001190   Section       16  rt_ctype_table.o(.text)
    .text                                    0x080011a0   Section        8  rt_locale_intlibspace.o(.text)
    .text                                    0x080011a8   Section        0  _printf_fp_infnan.o(.text)
    .text                                    0x08001228   Section        0  bigflt0.o(.text)
    .text                                    0x0800130c   Section        0  exit.o(.text)
    .text                                    0x08001320   Section        8  libspace.o(.text)
    .text                                    0x08001328   Section      128  strcmpv7m.o(.text)
    .text                                    0x080013a8   Section        0  sys_exit.o(.text)
    .text                                    0x080013b4   Section        2  use_no_semi.o(.text)
    .text                                    0x080013b6   Section        0  indicate_semi.o(.text)
    [Anonymous Symbol]                       0x080013b8   Section        0  bootloader.o(.text.BL_Print_Message)
    [Anonymous Symbol]                       0x080013f8   Section        0  bootloader.o(.text.BL_UART_FETCH_HOST_COMMAND)
    [Anonymous Symbol]                       0x08001560   Section        0  stm32f1xx_it.o(.text.BusFault_Handler)
    [Anonymous Symbol]                       0x08001564   Section        0  stm32f1xx_it.o(.text.DebugMon_Handler)
    [Anonymous Symbol]                       0x08001568   Section        0  main.o(.text.Error_Handler)
    [Anonymous Symbol]                       0x08001574   Section        0  stm32f1xx_hal_flash.o(.text.FLASH_WaitForLastOperation)
    [Anonymous Symbol]                       0x08001654   Section        0  stm32f1xx_hal_crc.o(.text.HAL_CRC_Accumulate)
    [Anonymous Symbol]                       0x080016d4   Section        0  stm32f1xx_hal_crc.o(.text.HAL_CRC_Init)
    [Anonymous Symbol]                       0x08001700   Section        0  crc.o(.text.HAL_CRC_MspInit)
    [Anonymous Symbol]                       0x08001734   Section        0  stm32f1xx_hal.o(.text.HAL_Delay)
    [Anonymous Symbol]                       0x0800175c   Section        0  stm32f1xx_hal_flash_ex.o(.text.HAL_FLASHEx_Erase)
    [Anonymous Symbol]                       0x0800184c   Section        0  stm32f1xx_hal_flash_ex.o(.text.HAL_FLASHEx_OBGetConfig)
    [Anonymous Symbol]                       0x08001878   Section        0  stm32f1xx_hal_flash.o(.text.HAL_FLASH_Lock)
    [Anonymous Symbol]                       0x0800188c   Section        0  stm32f1xx_hal_flash.o(.text.HAL_FLASH_Program)
    [Anonymous Symbol]                       0x08001938   Section        0  stm32f1xx_hal_flash.o(.text.HAL_FLASH_Unlock)
    [Anonymous Symbol]                       0x08001968   Section        0  stm32f1xx_hal_gpio.o(.text.HAL_GPIO_Init)
    [Anonymous Symbol]                       0x08001b84   Section        0  stm32f1xx_hal.o(.text.HAL_GetTick)
    [Anonymous Symbol]                       0x08001b90   Section        0  stm32f1xx_hal.o(.text.HAL_IncTick)
    [Anonymous Symbol]                       0x08001bac   Section        0  stm32f1xx_hal.o(.text.HAL_Init)
    [Anonymous Symbol]                       0x08001bd4   Section        0  stm32f1xx_hal.o(.text.HAL_InitTick)
    [Anonymous Symbol]                       0x08001c1c   Section        0  stm32f1xx_hal_msp.o(.text.HAL_MspInit)
    [Anonymous Symbol]                       0x08001c60   Section        0  stm32f1xx_hal_cortex.o(.text.HAL_NVIC_SetPriority)
    [Anonymous Symbol]                       0x08001cb8   Section        0  stm32f1xx_hal_cortex.o(.text.HAL_NVIC_SetPriorityGrouping)
    [Anonymous Symbol]                       0x08001cd8   Section        0  stm32f1xx_hal_rcc.o(.text.HAL_RCC_ClockConfig)
    [Anonymous Symbol]                       0x08001e98   Section        0  stm32f1xx_hal_rcc.o(.text.HAL_RCC_GetPCLK1Freq)
    [Anonymous Symbol]                       0x08001ec0   Section        0  stm32f1xx_hal_rcc.o(.text.HAL_RCC_GetPCLK2Freq)
    [Anonymous Symbol]                       0x08001ee8   Section        0  stm32f1xx_hal_rcc.o(.text.HAL_RCC_OscConfig)
    [Anonymous Symbol]                       0x0800229c   Section        0  stm32f1xx_hal_cortex.o(.text.HAL_SYSTICK_Config)
    [Anonymous Symbol]                       0x080022c8   Section        0  stm32f1xx_hal_uart.o(.text.HAL_UART_Init)
    [Anonymous Symbol]                       0x080023ac   Section        0  usart.o(.text.HAL_UART_MspInit)
    [Anonymous Symbol]                       0x0800246c   Section        0  stm32f1xx_hal_uart.o(.text.HAL_UART_Receive)
    [Anonymous Symbol]                       0x0800261c   Section        0  stm32f1xx_hal_uart.o(.text.HAL_UART_Transmit)
    [Anonymous Symbol]                       0x08002894   Section        0  stm32f1xx_it.o(.text.HardFault_Handler)
    [Anonymous Symbol]                       0x08002898   Section        0  crc.o(.text.MX_CRC_Init)
    [Anonymous Symbol]                       0x080028c0   Section        0  gpio.o(.text.MX_GPIO_Init)
    [Anonymous Symbol]                       0x080028f4   Section        0  usart.o(.text.MX_USART1_UART_Init)
    [Anonymous Symbol]                       0x08002930   Section        0  usart.o(.text.MX_USART2_UART_Init)
    [Anonymous Symbol]                       0x0800296c   Section        0  stm32f1xx_it.o(.text.MemManage_Handler)
    [Anonymous Symbol]                       0x08002970   Section        0  stm32f1xx_it.o(.text.NMI_Handler)
    [Anonymous Symbol]                       0x08002974   Section        0  stm32f1xx_it.o(.text.PendSV_Handler)
    [Anonymous Symbol]                       0x08002978   Section        0  stm32f1xx_it.o(.text.SVC_Handler)
    [Anonymous Symbol]                       0x0800297c   Section        0  stm32f1xx_it.o(.text.SysTick_Handler)
    [Anonymous Symbol]                       0x08002980   Section        0  system_stm32f1xx.o(.text.SystemInit)
    [Anonymous Symbol]                       0x08002990   Section        0  stm32f1xx_it.o(.text.UsageFault_Handler)
    handleCBL_CHANGE_ROP_LEVEL_CMD           0x08002995   Thumb Code   158  bootloader.o(.text.handleCBL_CHANGE_ROP_LEVEL_CMD)
    [Anonymous Symbol]                       0x08002994   Section        0  bootloader.o(.text.handleCBL_CHANGE_ROP_LEVEL_CMD)
    handleCBL_EN_R_W_PROTECT_CMD             0x08002a35   Thumb Code   264  bootloader.o(.text.handleCBL_EN_R_W_PROTECT_CMD)
    [Anonymous Symbol]                       0x08002a34   Section        0  bootloader.o(.text.handleCBL_EN_R_W_PROTECT_CMD)
    handleCBL_FLASH_ERASE_CMD                0x08002b59   Thumb Code   312  bootloader.o(.text.handleCBL_FLASH_ERASE_CMD)
    [Anonymous Symbol]                       0x08002b58   Section        0  bootloader.o(.text.handleCBL_FLASH_ERASE_CMD)
    handleCBL_GET_CID_CMD                    0x08002cb1   Thumb Code   200  bootloader.o(.text.handleCBL_GET_CID_CMD)
    [Anonymous Symbol]                       0x08002cb0   Section        0  bootloader.o(.text.handleCBL_GET_CID_CMD)
    handleCBL_GET_HELP_CMD                   0x08002db1   Thumb Code   216  bootloader.o(.text.handleCBL_GET_HELP_CMD)
    [Anonymous Symbol]                       0x08002db0   Section        0  bootloader.o(.text.handleCBL_GET_HELP_CMD)
    handleCBL_GET_VER_CMD                    0x08002ea5   Thumb Code   212  bootloader.o(.text.handleCBL_GET_VER_CMD)
    [Anonymous Symbol]                       0x08002ea4   Section        0  bootloader.o(.text.handleCBL_GET_VER_CMD)
    handleCBL_GO_TO_ADDR_CMD                 0x08002fa5   Thumb Code   288  bootloader.o(.text.handleCBL_GO_TO_ADDR_CMD)
    [Anonymous Symbol]                       0x08002fa4   Section        0  bootloader.o(.text.handleCBL_GO_TO_ADDR_CMD)
    handleCBL_MEM_WRITE_CMD                  0x0800311d   Thumb Code   338  bootloader.o(.text.handleCBL_MEM_WRITE_CMD)
    [Anonymous Symbol]                       0x0800311c   Section        0  bootloader.o(.text.handleCBL_MEM_WRITE_CMD)
    [Anonymous Symbol]                       0x08003270   Section        0  main.o(.text.main)
    CL$$btod_d2e                             0x08003328   Section       62  btod.o(CL$$btod_d2e)
    CL$$btod_d2e_denorm_low                  0x08003366   Section       70  btod.o(CL$$btod_d2e_denorm_low)
    CL$$btod_d2e_norm_op1                    0x080033ac   Section       96  btod.o(CL$$btod_d2e_norm_op1)
    CL$$btod_div_common                      0x0800340c   Section      824  btod.o(CL$$btod_div_common)
    CL$$btod_e2e                             0x08003744   Section      220  btod.o(CL$$btod_e2e)
    CL$$btod_ediv                            0x08003820   Section       42  btod.o(CL$$btod_ediv)
    CL$$btod_emul                            0x0800384a   Section       42  btod.o(CL$$btod_emul)
    CL$$btod_mult_common                     0x08003874   Section      580  btod.o(CL$$btod_mult_common)
    i.__ARM_fpclassify                       0x08003ab8   Section        0  fpclassify.o(i.__ARM_fpclassify)
    i._is_digit                              0x08003ae0   Section        0  __printf_wp.o(i._is_digit)
    locale$$code                             0x08003af0   Section       44  lc_numeric_c.o(locale$$code)
    locale$$code                             0x08003b1c   Section       44  lc_ctype_c.o(locale$$code)
    x$fpl$printf1                            0x08003b48   Section        4  printf1.o(x$fpl$printf1)
    x$fpl$printf2                            0x08003b4c   Section        4  printf2.o(x$fpl$printf2)
    initial_mbstate                          0x08003b50   Data           8  _printf_wctomb.o(.constdata)
    .constdata                               0x08003b50   Section        8  _printf_wctomb.o(.constdata)
    x$fpl$usenofp                            0x08003b50   Section        0  usenofp.o(x$fpl$usenofp)
    uc_hextab                                0x08003b58   Data          20  _printf_hex_int_ll_ptr.o(.constdata)
    .constdata                               0x08003b58   Section       40  _printf_hex_int_ll_ptr.o(.constdata)
    lc_hextab                                0x08003b6c   Data          20  _printf_hex_int_ll_ptr.o(.constdata)
    maptable                                 0x08003b80   Data          17  __printf_flags_ss_wp.o(.constdata)
    .constdata                               0x08003b80   Section       17  __printf_flags_ss_wp.o(.constdata)
    lc_hextab                                0x08003b91   Data          19  _printf_fp_hex.o(.constdata)
    .constdata                               0x08003b91   Section       38  _printf_fp_hex.o(.constdata)
    uc_hextab                                0x08003ba4   Data          19  _printf_fp_hex.o(.constdata)
    tenpwrs_x                                0x08003bb8   Data          60  bigflt0.o(.constdata)
    .constdata                               0x08003bb8   Section      148  bigflt0.o(.constdata)
    tenpwrs_i                                0x08003bf4   Data          64  bigflt0.o(.constdata)
    HAL_RCC_GetSysClockFreq.aPredivFactorTable 0x08003c64   Data           2  stm32f1xx_hal_rcc.o(.rodata.HAL_RCC_GetSysClockFreq.aPredivFactorTable)
    [Anonymous Symbol]                       0x08003c64   Section        0  stm32f1xx_hal_rcc.o(.rodata.HAL_RCC_GetSysClockFreq.aPredivFactorTable)
    HAL_RCC_GetSysClockFreq.aPLLMULFactorTable 0x08003c66   Data          16  stm32f1xx_hal_rcc.o(.rodata.cst16)
    [Anonymous Symbol]                       0x08003c66   Section        0  stm32f1xx_hal_rcc.o(.rodata.cst16)
    .L.str.8                                 0x08003c76   Data          27  bootloader.o(.rodata.str1.1)
    [Anonymous Symbol]                       0x08003c76   Section        0  bootloader.o(.rodata.str1.1)
    .L.str.6                                 0x08003c91   Data          29  bootloader.o(.rodata.str1.1)
    .L.str.17                                0x08003cae   Data          31  bootloader.o(.rodata.str1.1)
    .L.str                                   0x08003ccd   Data          27  bootloader.o(.rodata.str1.1)
    .L.str.1                                 0x08003ce8   Data          34  bootloader.o(.rodata.str1.1)
    .L.str.19                                0x08003d0a   Data          34  bootloader.o(.rodata.str1.1)
    .L.str.9                                 0x08003d2c   Data          25  bootloader.o(.rodata.str1.1)
    .L.str.13                                0x08003d45   Data          25  bootloader.o(.rodata.str1.1)
    locale$$data                             0x08003d80   Section       28  lc_numeric_c.o(locale$$data)
    __lcnum_c_name                           0x08003d84   Data           2  lc_numeric_c.o(locale$$data)
    __lcnum_c_start                          0x08003d8c   Data           0  lc_numeric_c.o(locale$$data)
    __lcnum_c_point                          0x08003d98   Data           0  lc_numeric_c.o(locale$$data)
    __lcnum_c_thousands                      0x08003d9a   Data           0  lc_numeric_c.o(locale$$data)
    __lcnum_c_grouping                       0x08003d9b   Data           0  lc_numeric_c.o(locale$$data)
    __lcnum_c_end                            0x08003d9c   Data           0  lc_numeric_c.o(locale$$data)
    locale$$data                             0x08003d9c   Section      272  lc_ctype_c.o(locale$$data)
    __lcctype_c_name                         0x08003da0   Data           2  lc_ctype_c.o(locale$$data)
    __lcctype_c_start                        0x08003da8   Data           0  lc_ctype_c.o(locale$$data)
    __lcctype_c_end                          0x08003eac   Data           0  lc_ctype_c.o(locale$$data)
    .L_MergedGlobals                         0x20000000   Data          36  main.o(.data..L_MergedGlobals)
    [Anonymous Symbol]                       0x20000000   Section        0  main.o(.data..L_MergedGlobals)
    .L_MergedGlobals                         0x20000024   Data           8  stm32f1xx_hal.o(.data..L_MergedGlobals)
    [Anonymous Symbol]                       0x20000024   Section        0  stm32f1xx_hal.o(.data..L_MergedGlobals)
    BL_Supported_CMDs                        0x2000002c   Data          12  bootloader.o(.data.BL_Supported_CMDs)
    [Anonymous Symbol]                       0x2000002c   Section        0  bootloader.o(.data.BL_Supported_CMDs)
    .bss                                     0x20000040   Section       96  libspace.o(.bss)
    BL_HOST_BUFFER                           0x200000a0   Data         200  bootloader.o(.bss.BL_HOST_BUFFER)
    [Anonymous Symbol]                       0x200000a0   Section        0  bootloader.o(.bss.BL_HOST_BUFFER)
    Heap_Mem                                 0x20000228   Data         512  startup_stm32f103xb.o(HEAP)
    HEAP                                     0x20000228   Section      512  startup_stm32f103xb.o(HEAP)
    Stack_Mem                                0x20000428   Data        1024  startup_stm32f103xb.o(STACK)
    STACK                                    0x20000428   Section     1024  startup_stm32f103xb.o(STACK)
    __initial_sp                             0x20000828   Data           0  startup_stm32f103xb.o(STACK)

    Global Symbols

    Symbol Name                              Value     Ov Type        Size  Object(Section)

    BuildAttributes$$THM_ISAv4$P$D$K$B$S$PE$A:L22UL41UL21$X:L11$S22US41US21$IEEE1$IW$~IW$USESV6$~STKCKD$USESV7$~SHL$OTIME$ROPI$IEEEJ$EBA8$UX$STANDARDLIB$REQ8$PRES8$EABIv2 0x00000000   Number         0  anon$$obj.o ABSOLUTE
    __fp_init_empty                          0x00000000   Number         0  fpinit_empty.o ABSOLUTE
    _printf_flags                            0x00000000   Number         0  printf_stubs.o ABSOLUTE
    _printf_return_value                     0x00000000   Number         0  printf_stubs.o ABSOLUTE
    _printf_sizespec                         0x00000000   Number         0  printf_stubs.o ABSOLUTE
    _printf_widthprec                        0x00000000   Number         0  printf_stubs.o ABSOLUTE
    __ARM_exceptions_init                     - Undefined Weak Reference
    __alloca_initialize                       - Undefined Weak Reference
    __arm_preinit_                            - Undefined Weak Reference
    __arm_relocate_pie_                       - Undefined Weak Reference
    __cpp_initialize__aeabi_                  - Undefined Weak Reference
    __cxa_finalize                            - Undefined Weak Reference
    __sigvec_lookup                           - Undefined Weak Reference
    _atexit_init                              - Undefined Weak Reference
    _call_atexit_fns                          - Undefined Weak Reference
    _clock_init                               - Undefined Weak Reference
    _fp_trap_init                             - Undefined Weak Reference
    _fp_trap_shutdown                         - Undefined Weak Reference
    _get_lc_collate                           - Undefined Weak Reference
    _get_lc_monetary                          - Undefined Weak Reference
    _get_lc_time                              - Undefined Weak Reference
    _getenv_init                              - Undefined Weak Reference
    _handle_redirection                       - Undefined Weak Reference
    _init_alloc                               - Undefined Weak Reference
    _init_user_alloc                          - Undefined Weak Reference
    _initio                                   - Undefined Weak Reference
    _printf_mbtowc                            - Undefined Weak Reference
    _printf_wc                                - Undefined Weak Reference
    _rand_init                                - Undefined Weak Reference
    _signal_finish                            - Undefined Weak Reference
    _signal_init                              - Undefined Weak Reference
    _terminate_alloc                          - Undefined Weak Reference
    _terminate_user_alloc                     - Undefined Weak Reference
    _terminateio                              - Undefined Weak Reference
    __Vectors_Size                           0x000000ec   Number         0  startup_stm32f103xb.o ABSOLUTE
    __Vectors                                0x08000000   Data           4  startup_stm32f103xb.o(RESET)
    __Vectors_End                            0x080000ec   Data           0  startup_stm32f103xb.o(RESET)
    __main                                   0x080000ed   Thumb Code     8  __main.o(!!!main)
    __scatterload                            0x080000f5   Thumb Code     0  __scatter.o(!!!scatter)
    __scatterload_rt2                        0x080000f5   Thumb Code    44  __scatter.o(!!!scatter)
    __scatterload_rt2_thumb_only             0x080000f5   Thumb Code     0  __scatter.o(!!!scatter)
    __scatterload_null                       0x08000103   Thumb Code     0  __scatter.o(!!!scatter)
    __scatterload_copy                       0x08000129   Thumb Code    26  __scatter_copy.o(!!handler_copy)
    __scatterload_zeroinit                   0x08000145   Thumb Code    28  __scatter_zi.o(!!handler_zi)
    _printf_n                                0x08000161   Thumb Code     0  _printf_n.o(.ARM.Collect$$_printf_percent$$00000001)
    _printf_percent                          0x08000161   Thumb Code     0  _printf_percent.o(.ARM.Collect$$_printf_percent$$00000000)
    _printf_p                                0x08000167   Thumb Code     0  _printf_p.o(.ARM.Collect$$_printf_percent$$00000002)
    _printf_f                                0x0800016d   Thumb Code     0  _printf_f.o(.ARM.Collect$$_printf_percent$$00000003)
    _printf_e                                0x08000173   Thumb Code     0  _printf_e.o(.ARM.Collect$$_printf_percent$$00000004)
    _printf_g                                0x08000179   Thumb Code     0  _printf_g.o(.ARM.Collect$$_printf_percent$$00000005)
    _printf_a                                0x0800017f   Thumb Code     0  _printf_a.o(.ARM.Collect$$_printf_percent$$00000006)
    _printf_ll                               0x08000185   Thumb Code     0  _printf_ll.o(.ARM.Collect$$_printf_percent$$00000007)
    _printf_i                                0x0800018f   Thumb Code     0  _printf_i.o(.ARM.Collect$$_printf_percent$$00000008)
    _printf_d                                0x08000195   Thumb Code     0  _printf_d.o(.ARM.Collect$$_printf_percent$$00000009)
    _printf_u                                0x0800019b   Thumb Code     0  _printf_u.o(.ARM.Collect$$_printf_percent$$0000000A)
    _printf_o                                0x080001a1   Thumb Code     0  _printf_o.o(.ARM.Collect$$_printf_percent$$0000000B)
    _printf_x                                0x080001a7   Thumb Code     0  _printf_x.o(.ARM.Collect$$_printf_percent$$0000000C)
    _printf_lli                              0x080001ad   Thumb Code     0  _printf_lli.o(.ARM.Collect$$_printf_percent$$0000000D)
    _printf_lld                              0x080001b3   Thumb Code     0  _printf_lld.o(.ARM.Collect$$_printf_percent$$0000000E)
    _printf_llu                              0x080001b9   Thumb Code     0  _printf_llu.o(.ARM.Collect$$_printf_percent$$0000000F)
    _printf_llo                              0x080001bf   Thumb Code     0  _printf_llo.o(.ARM.Collect$$_printf_percent$$00000010)
    _printf_llx                              0x080001c5   Thumb Code     0  _printf_llx.o(.ARM.Collect$$_printf_percent$$00000011)
    _printf_l                                0x080001cb   Thumb Code     0  _printf_l.o(.ARM.Collect$$_printf_percent$$00000012)
    _printf_c                                0x080001d5   Thumb Code     0  _printf_c.o(.ARM.Collect$$_printf_percent$$00000013)
    _printf_s                                0x080001db   Thumb Code     0  _printf_s.o(.ARM.Collect$$_printf_percent$$00000014)
    _printf_lc                               0x080001e1   Thumb Code     0  _printf_lc.o(.ARM.Collect$$_printf_percent$$00000015)
    _printf_ls                               0x080001e7   Thumb Code     0  _printf_ls.o(.ARM.Collect$$_printf_percent$$00000016)
    _printf_percent_end                      0x080001ed   Thumb Code     0  _printf_percent_end.o(.ARM.Collect$$_printf_percent$$00000017)
    __rt_lib_init                            0x080001f1   Thumb Code     0  libinit.o(.ARM.Collect$$libinit$$00000000)
    __rt_lib_init_fp_1                       0x080001f3   Thumb Code     0  libinit2.o(.ARM.Collect$$libinit$$00000002)
    __rt_lib_init_heap_1                     0x080001f3   Thumb Code     0  libinit2.o(.ARM.Collect$$libinit$$0000000C)
    __rt_lib_init_lc_common                  0x080001f3   Thumb Code     0  libinit2.o(.ARM.Collect$$libinit$$00000011)
    __rt_lib_init_preinit_1                  0x080001f3   Thumb Code     0  libinit2.o(.ARM.Collect$$libinit$$00000006)
    __rt_lib_init_rand_1                     0x080001f3   Thumb Code     0  libinit2.o(.ARM.Collect$$libinit$$00000010)
    __rt_lib_init_relocate_pie_1             0x080001f3   Thumb Code     0  libinit2.o(.ARM.Collect$$libinit$$00000004)
    __rt_lib_init_user_alloc_1               0x080001f3   Thumb Code     0  libinit2.o(.ARM.Collect$$libinit$$0000000E)
    __rt_lib_init_lc_collate_1               0x080001f9   Thumb Code     0  libinit2.o(.ARM.Collect$$libinit$$00000013)
    __rt_lib_init_lc_ctype_2                 0x080001f9   Thumb Code     0  libinit2.o(.ARM.Collect$$libinit$$00000014)
    __rt_lib_init_lc_ctype_1                 0x08000205   Thumb Code     0  libinit2.o(.ARM.Collect$$libinit$$00000015)
    __rt_lib_init_lc_monetary_1              0x08000205   Thumb Code     0  libinit2.o(.ARM.Collect$$libinit$$00000017)
    __rt_lib_init_lc_numeric_2               0x08000205   Thumb Code     0  libinit2.o(.ARM.Collect$$libinit$$00000018)
    __rt_lib_init_alloca_1                   0x0800020f   Thumb Code     0  libinit2.o(.ARM.Collect$$libinit$$00000030)
    __rt_lib_init_argv_1                     0x0800020f   Thumb Code     0  libinit2.o(.ARM.Collect$$libinit$$0000002E)
    __rt_lib_init_atexit_1                   0x0800020f   Thumb Code     0  libinit2.o(.ARM.Collect$$libinit$$0000001D)
    __rt_lib_init_clock_1                    0x0800020f   Thumb Code     0  libinit2.o(.ARM.Collect$$libinit$$00000023)
    __rt_lib_init_cpp_1                      0x0800020f   Thumb Code     0  libinit2.o(.ARM.Collect$$libinit$$00000034)
    __rt_lib_init_exceptions_1               0x0800020f   Thumb Code     0  libinit2.o(.ARM.Collect$$libinit$$00000032)
    __rt_lib_init_fp_trap_1                  0x0800020f   Thumb Code     0  libinit2.o(.ARM.Collect$$libinit$$00000021)
    __rt_lib_init_getenv_1                   0x0800020f   Thumb Code     0  libinit2.o(.ARM.Collect$$libinit$$00000025)
    __rt_lib_init_lc_numeric_1               0x0800020f   Thumb Code     0  libinit2.o(.ARM.Collect$$libinit$$00000019)
    __rt_lib_init_lc_time_1                  0x0800020f   Thumb Code     0  libinit2.o(.ARM.Collect$$libinit$$0000001B)
    __rt_lib_init_return                     0x0800020f   Thumb Code     0  libinit2.o(.ARM.Collect$$libinit$$00000035)
    __rt_lib_init_signal_1                   0x0800020f   Thumb Code     0  libinit2.o(.ARM.Collect$$libinit$$0000001F)
    __rt_lib_init_stdio_1                    0x0800020f   Thumb Code     0  libinit2.o(.ARM.Collect$$libinit$$00000027)
    __rt_lib_shutdown                        0x08000211   Thumb Code     0  libshutdown.o(.ARM.Collect$$libshutdown$$00000000)
    __rt_lib_shutdown_cpp_1                  0x08000213   Thumb Code     0  libshutdown2.o(.ARM.Collect$$libshutdown$$00000002)
    __rt_lib_shutdown_fp_trap_1              0x08000213   Thumb Code     0  libshutdown2.o(.ARM.Collect$$libshutdown$$00000007)
    __rt_lib_shutdown_heap_1                 0x08000213   Thumb Code     0  libshutdown2.o(.ARM.Collect$$libshutdown$$0000000F)
    __rt_lib_shutdown_return                 0x08000213   Thumb Code     0  libshutdown2.o(.ARM.Collect$$libshutdown$$00000010)
    __rt_lib_shutdown_signal_1               0x08000213   Thumb Code     0  libshutdown2.o(.ARM.Collect$$libshutdown$$0000000A)
    __rt_lib_shutdown_stdio_1                0x08000213   Thumb Code     0  libshutdown2.o(.ARM.Collect$$libshutdown$$00000004)
    __rt_lib_shutdown_user_alloc_1           0x08000213   Thumb Code     0  libshutdown2.o(.ARM.Collect$$libshutdown$$0000000C)
    __rt_entry                               0x08000215   Thumb Code     0  __rtentry.o(.ARM.Collect$$rtentry$$00000000)
    __rt_entry_presh_1                       0x08000215   Thumb Code     0  __rtentry2.o(.ARM.Collect$$rtentry$$00000002)
    __rt_entry_sh                            0x08000215   Thumb Code     0  __rtentry4.o(.ARM.Collect$$rtentry$$00000004)
    __rt_entry_li                            0x0800021b   Thumb Code     0  __rtentry2.o(.ARM.Collect$$rtentry$$0000000A)
    __rt_entry_postsh_1                      0x0800021b   Thumb Code     0  __rtentry2.o(.ARM.Collect$$rtentry$$00000009)
    __rt_entry_main                          0x0800021f   Thumb Code     0  __rtentry2.o(.ARM.Collect$$rtentry$$0000000D)
    __rt_entry_postli_1                      0x0800021f   Thumb Code     0  __rtentry2.o(.ARM.Collect$$rtentry$$0000000C)
    __rt_exit                                0x08000227   Thumb Code     0  rtexit.o(.ARM.Collect$$rtexit$$00000000)
    __rt_exit_ls                             0x08000229   Thumb Code     0  rtexit2.o(.ARM.Collect$$rtexit$$00000003)
    __rt_exit_prels_1                        0x08000229   Thumb Code     0  rtexit2.o(.ARM.Collect$$rtexit$$00000002)
    __rt_exit_exit                           0x0800022d   Thumb Code     0  rtexit2.o(.ARM.Collect$$rtexit$$00000004)
    Reset_Handler                            0x08000235   Thumb Code     8  startup_stm32f103xb.o(.text)
    ADC1_2_IRQHandler                        0x0800024f   Thumb Code     0  startup_stm32f103xb.o(.text)
    CAN1_RX1_IRQHandler                      0x0800024f   Thumb Code     0  startup_stm32f103xb.o(.text)
    CAN1_SCE_IRQHandler                      0x0800024f   Thumb Code     0  startup_stm32f103xb.o(.text)
    DMA1_Channel1_IRQHandler                 0x0800024f   Thumb Code     0  startup_stm32f103xb.o(.text)
    DMA1_Channel2_IRQHandler                 0x0800024f   Thumb Code     0  startup_stm32f103xb.o(.text)
    DMA1_Channel3_IRQHandler                 0x0800024f   Thumb Code     0  startup_stm32f103xb.o(.text)
    DMA1_Channel4_IRQHandler                 0x0800024f   Thumb Code     0  startup_stm32f103xb.o(.text)
    DMA1_Channel5_IRQHandler                 0x0800024f   Thumb Code     0  startup_stm32f103xb.o(.text)
    DMA1_Channel6_IRQHandler                 0x0800024f   Thumb Code     0  startup_stm32f103xb.o(.text)
    DMA1_Channel7_IRQHandler                 0x0800024f   Thumb Code     0  startup_stm32f103xb.o(.text)
    EXTI0_IRQHandler                         0x0800024f   Thumb Code     0  startup_stm32f103xb.o(.text)
    EXTI15_10_IRQHandler                     0x0800024f   Thumb Code     0  startup_stm32f103xb.o(.text)
    EXTI1_IRQHandler                         0x0800024f   Thumb Code     0  startup_stm32f103xb.o(.text)
    EXTI2_IRQHandler                         0x0800024f   Thumb Code     0  startup_stm32f103xb.o(.text)
    EXTI3_IRQHandler                         0x0800024f   Thumb Code     0  startup_stm32f103xb.o(.text)
    EXTI4_IRQHandler                         0x0800024f   Thumb Code     0  startup_stm32f103xb.o(.text)
    EXTI9_5_IRQHandler                       0x0800024f   Thumb Code     0  startup_stm32f103xb.o(.text)
    FLASH_IRQHandler                         0x0800024f   Thumb Code     0  startup_stm32f103xb.o(.text)
    I2C1_ER_IRQHandler                       0x0800024f   Thumb Code     0  startup_stm32f103xb.o(.text)
    I2C1_EV_IRQHandler                       0x0800024f   Thumb Code     0  startup_stm32f103xb.o(.text)
    I2C2_ER_IRQHandler                       0x0800024f   Thumb Code     0  startup_stm32f103xb.o(.text)
    I2C2_EV_IRQHandler                       0x0800024f   Thumb Code     0  startup_stm32f103xb.o(.text)
    PVD_IRQHandler                           0x0800024f   Thumb Code     0  startup_stm32f103xb.o(.text)
    RCC_IRQHandler                           0x0800024f   Thumb Code     0  startup_stm32f103xb.o(.text)
    RTC_Alarm_IRQHandler                     0x0800024f   Thumb Code     0  startup_stm32f103xb.o(.text)
    RTC_IRQHandler                           0x0800024f   Thumb Code     0  startup_stm32f103xb.o(.text)
    SPI1_IRQHandler                          0x0800024f   Thumb Code     0  startup_stm32f103xb.o(.text)
    SPI2_IRQHandler                          0x0800024f   Thumb Code     0  startup_stm32f103xb.o(.text)
    TAMPER_IRQHandler                        0x0800024f   Thumb Code     0  startup_stm32f103xb.o(.text)
    TIM1_BRK_IRQHandler                      0x0800024f   Thumb Code     0  startup_stm32f103xb.o(.text)
    TIM1_CC_IRQHandler                       0x0800024f   Thumb Code     0  startup_stm32f103xb.o(.text)
    TIM1_TRG_COM_IRQHandler                  0x0800024f   Thumb Code     0  startup_stm32f103xb.o(.text)
    TIM1_UP_IRQHandler                       0x0800024f   Thumb Code     0  startup_stm32f103xb.o(.text)
    TIM2_IRQHandler                          0x0800024f   Thumb Code     0  startup_stm32f103xb.o(.text)
    TIM3_IRQHandler                          0x0800024f   Thumb Code     0  startup_stm32f103xb.o(.text)
    TIM4_IRQHandler                          0x0800024f   Thumb Code     0  startup_stm32f103xb.o(.text)
    USART1_IRQHandler                        0x0800024f   Thumb Code     0  startup_stm32f103xb.o(.text)
    USART2_IRQHandler                        0x0800024f   Thumb Code     0  startup_stm32f103xb.o(.text)
    USART3_IRQHandler                        0x0800024f   Thumb Code     0  startup_stm32f103xb.o(.text)
    USBWakeUp_IRQHandler                     0x0800024f   Thumb Code     0  startup_stm32f103xb.o(.text)
    USB_HP_CAN1_TX_IRQHandler                0x0800024f   Thumb Code     0  startup_stm32f103xb.o(.text)
    USB_LP_CAN1_RX0_IRQHandler               0x0800024f   Thumb Code     0  startup_stm32f103xb.o(.text)
    WWDG_IRQHandler                          0x0800024f   Thumb Code     0  startup_stm32f103xb.o(.text)
    __user_initial_stackheap                 0x08000251   Thumb Code     0  startup_stm32f103xb.o(.text)
    vsprintf                                 0x08000275   Thumb Code    32  vsprintf.o(.text)
    __aeabi_memclr4                          0x08000299   Thumb Code     0  rt_memclr_w.o(.text)
    __aeabi_memclr8                          0x08000299   Thumb Code     0  rt_memclr_w.o(.text)
    __rt_memclr_w                            0x08000299   Thumb Code     0  rt_memclr_w.o(.text)
    _memset_w                                0x0800029d   Thumb Code    74  rt_memclr_w.o(.text)
    __use_two_region_memory                  0x080002e7   Thumb Code     2  heapauxi.o(.text)
    __rt_heap_escrow$2region                 0x080002e9   Thumb Code     2  heapauxi.o(.text)
    __rt_heap_expand$2region                 0x080002eb   Thumb Code     2  heapauxi.o(.text)
    _printf_pre_padding                      0x080002ed   Thumb Code    44  _printf_pad.o(.text)
    _printf_post_padding                     0x08000319   Thumb Code    34  _printf_pad.o(.text)
    _printf_truncate_signed                  0x0800033b   Thumb Code    18  _printf_truncate.o(.text)
    _printf_truncate_unsigned                0x0800034d   Thumb Code    18  _printf_truncate.o(.text)
    _printf_str                              0x0800035f   Thumb Code    82  _printf_str.o(.text)
    _printf_int_dec                          0x080003b1   Thumb Code   104  _printf_dec.o(.text)
    _printf_charcount                        0x08000429   Thumb Code    40  _printf_charcount.o(.text)
    _printf_char_common                      0x0800045b   Thumb Code    32  _printf_char_common.o(.text)
    _sputc                                   0x08000481   Thumb Code    10  _sputc.o(.text)
    _printf_wctomb                           0x0800048d   Thumb Code   182  _printf_wctomb.o(.text)
    _printf_longlong_dec                     0x08000549   Thumb Code   108  _printf_longlong_dec.o(.text)
    _printf_longlong_oct                     0x080005c5   Thumb Code    68  _printf_oct_int_ll.o(.text)
    _printf_int_oct                          0x08000609   Thumb Code    24  _printf_oct_int_ll.o(.text)
    _printf_ll_oct                           0x08000621   Thumb Code    12  _printf_oct_int_ll.o(.text)
    _printf_longlong_hex                     0x08000635   Thumb Code    86  _printf_hex_int_ll_ptr.o(.text)
    _printf_int_hex                          0x0800068b   Thumb Code    28  _printf_hex_int_ll_ptr.o(.text)
    _printf_ll_hex                           0x080006a7   Thumb Code    12  _printf_hex_int_ll_ptr.o(.text)
    _printf_hex_ptr                          0x080006b3   Thumb Code    18  _printf_hex_int_ll_ptr.o(.text)
    __printf                                 0x080006c9   Thumb Code   388  __printf_flags_ss_wp.o(.text)
    _ll_udiv10                               0x08000851   Thumb Code   138  lludiv10.o(.text)
    _printf_int_common                       0x080008db   Thumb Code   178  _printf_intcommon.o(.text)
    _printf_fp_dec_real                      0x08000b3d   Thumb Code   620  _printf_fp_dec.o(.text)
    _printf_fp_hex_real                      0x08000da9   Thumb Code   756  _printf_fp_hex.o(.text)
    _printf_cs_common                        0x080010a5   Thumb Code    20  _printf_char.o(.text)
    _printf_char                             0x080010b9   Thumb Code    16  _printf_char.o(.text)
    _printf_string                           0x080010c9   Thumb Code     8  _printf_char.o(.text)
    _printf_lcs_common                       0x080010d1   Thumb Code    20  _printf_wchar.o(.text)
    _printf_wchar                            0x080010e5   Thumb Code    16  _printf_wchar.o(.text)
    _printf_wstring                          0x080010f5   Thumb Code     8  _printf_wchar.o(.text)
    _c16rtomb                                0x080010fd   Thumb Code    72  _c16rtomb.o(.text)
    _wcrtomb                                 0x080010fd   Thumb Code     0  _c16rtomb.o(.text)
    __user_setup_stackheap                   0x08001145   Thumb Code    74  sys_stackheap_outer.o(.text)
    __rt_ctype_table                         0x08001191   Thumb Code    16  rt_ctype_table.o(.text)
    __rt_locale                              0x080011a1   Thumb Code     8  rt_locale_intlibspace.o(.text)
    _printf_fp_infnan                        0x080011a9   Thumb Code   112  _printf_fp_infnan.o(.text)
    _btod_etento                             0x08001229   Thumb Code   224  bigflt0.o(.text)
    exit                                     0x0800130d   Thumb Code    18  exit.o(.text)
    __user_libspace                          0x08001321   Thumb Code     8  libspace.o(.text)
    __user_perproc_libspace                  0x08001321   Thumb Code     0  libspace.o(.text)
    __user_perthread_libspace                0x08001321   Thumb Code     0  libspace.o(.text)
    strcmp                                   0x08001329   Thumb Code   128  strcmpv7m.o(.text)
    _sys_exit                                0x080013a9   Thumb Code     8  sys_exit.o(.text)
    __I$use$semihosting                      0x080013b5   Thumb Code     0  use_no_semi.o(.text)
    __use_no_semihosting_swi                 0x080013b5   Thumb Code     2  use_no_semi.o(.text)
    __semihosting_library_function           0x080013b7   Thumb Code     0  indicate_semi.o(.text)
    BL_Print_Message                         0x080013b9   Thumb Code    64  bootloader.o(.text.BL_Print_Message)
    BL_UART_FETCH_HOST_COMMAND               0x080013f9   Thumb Code   228  bootloader.o(.text.BL_UART_FETCH_HOST_COMMAND)
    BusFault_Handler                         0x08001561   Thumb Code     2  stm32f1xx_it.o(.text.BusFault_Handler)
    DebugMon_Handler                         0x08001565   Thumb Code     2  stm32f1xx_it.o(.text.DebugMon_Handler)
    Error_Handler                            0x08001569   Thumb Code    10  main.o(.text.Error_Handler)
    FLASH_WaitForLastOperation               0x08001575   Thumb Code   224  stm32f1xx_hal_flash.o(.text.FLASH_WaitForLastOperation)
    HAL_CRC_Accumulate                       0x08001655   Thumb Code   128  stm32f1xx_hal_crc.o(.text.HAL_CRC_Accumulate)
    HAL_CRC_Init                             0x080016d5   Thumb Code    42  stm32f1xx_hal_crc.o(.text.HAL_CRC_Init)
    HAL_CRC_MspInit                          0x08001701   Thumb Code    50  crc.o(.text.HAL_CRC_MspInit)
    HAL_Delay                                0x08001735   Thumb Code    40  stm32f1xx_hal.o(.text.HAL_Delay)
    HAL_FLASHEx_Erase                        0x0800175d   Thumb Code   238  stm32f1xx_hal_flash_ex.o(.text.HAL_FLASHEx_Erase)
    HAL_FLASHEx_OBGetConfig                  0x0800184d   Thumb Code    42  stm32f1xx_hal_flash_ex.o(.text.HAL_FLASHEx_OBGetConfig)
    HAL_FLASH_Lock                           0x08001879   Thumb Code    20  stm32f1xx_hal_flash.o(.text.HAL_FLASH_Lock)
    HAL_FLASH_Program                        0x0800188d   Thumb Code   172  stm32f1xx_hal_flash.o(.text.HAL_FLASH_Program)
    HAL_FLASH_Unlock                         0x08001939   Thumb Code    46  stm32f1xx_hal_flash.o(.text.HAL_FLASH_Unlock)
    HAL_GPIO_Init                            0x08001969   Thumb Code   538  stm32f1xx_hal_gpio.o(.text.HAL_GPIO_Init)
    HAL_GetTick                              0x08001b85   Thumb Code    12  stm32f1xx_hal.o(.text.HAL_GetTick)
    HAL_IncTick                              0x08001b91   Thumb Code    26  stm32f1xx_hal.o(.text.HAL_IncTick)
    HAL_Init                                 0x08001bad   Thumb Code    38  stm32f1xx_hal.o(.text.HAL_Init)
    HAL_InitTick                             0x08001bd5   Thumb Code    72  stm32f1xx_hal.o(.text.HAL_InitTick)
    HAL_MspInit                              0x08001c1d   Thumb Code    66  stm32f1xx_hal_msp.o(.text.HAL_MspInit)
    HAL_NVIC_SetPriority                     0x08001c61   Thumb Code    86  stm32f1xx_hal_cortex.o(.text.HAL_NVIC_SetPriority)
    HAL_NVIC_SetPriorityGrouping             0x08001cb9   Thumb Code    32  stm32f1xx_hal_cortex.o(.text.HAL_NVIC_SetPriorityGrouping)
    HAL_RCC_ClockConfig                      0x08001cd9   Thumb Code   446  stm32f1xx_hal_rcc.o(.text.HAL_RCC_ClockConfig)
    HAL_RCC_GetPCLK1Freq                     0x08001e99   Thumb Code    38  stm32f1xx_hal_rcc.o(.text.HAL_RCC_GetPCLK1Freq)
    HAL_RCC_GetPCLK2Freq                     0x08001ec1   Thumb Code    38  stm32f1xx_hal_rcc.o(.text.HAL_RCC_GetPCLK2Freq)
    HAL_RCC_OscConfig                        0x08001ee9   Thumb Code   948  stm32f1xx_hal_rcc.o(.text.HAL_RCC_OscConfig)
    HAL_SYSTICK_Config                       0x0800229d   Thumb Code    44  stm32f1xx_hal_cortex.o(.text.HAL_SYSTICK_Config)
    HAL_UART_Init                            0x080022c9   Thumb Code   226  stm32f1xx_hal_uart.o(.text.HAL_UART_Init)
    HAL_UART_MspInit                         0x080023ad   Thumb Code   192  usart.o(.text.HAL_UART_MspInit)
    HAL_UART_Receive                         0x0800246d   Thumb Code   432  stm32f1xx_hal_uart.o(.text.HAL_UART_Receive)
    HAL_UART_Transmit                        0x0800261d   Thumb Code   632  stm32f1xx_hal_uart.o(.text.HAL_UART_Transmit)
    HardFault_Handler                        0x08002895   Thumb Code     2  stm32f1xx_it.o(.text.HardFault_Handler)
    MX_CRC_Init                              0x08002899   Thumb Code    38  crc.o(.text.MX_CRC_Init)
    MX_GPIO_Init                             0x080028c1   Thumb Code    50  gpio.o(.text.MX_GPIO_Init)
    MX_USART1_UART_Init                      0x080028f5   Thumb Code    60  usart.o(.text.MX_USART1_UART_Init)
    MX_USART2_UART_Init                      0x08002931   Thumb Code    60  usart.o(.text.MX_USART2_UART_Init)
    MemManage_Handler                        0x0800296d   Thumb Code     2  stm32f1xx_it.o(.text.MemManage_Handler)
    NMI_Handler                              0x08002971   Thumb Code     2  stm32f1xx_it.o(.text.NMI_Handler)
    PendSV_Handler                           0x08002975   Thumb Code     2  stm32f1xx_it.o(.text.PendSV_Handler)
    SVC_Handler                              0x08002979   Thumb Code     2  stm32f1xx_it.o(.text.SVC_Handler)
    SysTick_Handler                          0x0800297d   Thumb Code     4  stm32f1xx_it.o(.text.SysTick_Handler)
    SystemInit                               0x08002981   Thumb Code    16  system_stm32f1xx.o(.text.SystemInit)
    UsageFault_Handler                       0x08002991   Thumb Code     2  stm32f1xx_it.o(.text.UsageFault_Handler)
    main                                     0x08003271   Thumb Code   160  main.o(.text.main)
    _btod_d2e                                0x08003329   Thumb Code    62  btod.o(CL$$btod_d2e)
    _d2e_denorm_low                          0x08003367   Thumb Code    70  btod.o(CL$$btod_d2e_denorm_low)
    _d2e_norm_op1                            0x080033ad   Thumb Code    96  btod.o(CL$$btod_d2e_norm_op1)
    __btod_div_common                        0x0800340d   Thumb Code   696  btod.o(CL$$btod_div_common)
    _e2e                                     0x08003745   Thumb Code   220  btod.o(CL$$btod_e2e)
    _btod_ediv                               0x08003821   Thumb Code    42  btod.o(CL$$btod_ediv)
    _btod_emul                               0x0800384b   Thumb Code    42  btod.o(CL$$btod_emul)
    __btod_mult_common                       0x08003875   Thumb Code   580  btod.o(CL$$btod_mult_common)
    __ARM_fpclassify                         0x08003ab9   Thumb Code    40  fpclassify.o(i.__ARM_fpclassify)
    _is_digit                                0x08003ae1   Thumb Code    14  __printf_wp.o(i._is_digit)
    _get_lc_numeric                          0x08003af1   Thumb Code    44  lc_numeric_c.o(locale$$code)
    _get_lc_ctype                            0x08003b1d   Thumb Code    44  lc_ctype_c.o(locale$$code)
    _printf_fp_dec                           0x08003b49   Thumb Code     4  printf1.o(x$fpl$printf1)
    _printf_fp_hex                           0x08003b4d   Thumb Code     4  printf2.o(x$fpl$printf2)
    __I$use$fp                               0x08003b50   Number         0  usenofp.o(x$fpl$usenofp)
    AHBPrescTable                            0x08003c4c   Data          16  system_stm32f1xx.o(.rodata.AHBPrescTable)
    APBPrescTable                            0x08003c5c   Data           8  system_stm32f1xx.o(.rodata.APBPrescTable)
    Region$$Table$$Base                      0x08003d60   Number         0  anon$$obj.o(Region$$Table)
    Region$$Table$$Limit                     0x08003d80   Number         0  anon$$obj.o(Region$$Table)
    __ctype                                  0x08003da9   Data           0  lc_ctype_c.o(locale$$data)
    message_2                                0x20000000   Data          14  main.o(.data..L_MergedGlobals)
    message_1                                0x2000000e   Data          22  main.o(.data..L_MergedGlobals)
    uwTickFreq                               0x20000024   Data           1  stm32f1xx_hal.o(.data..L_MergedGlobals)
    uwTickPrio                               0x20000028   Data           4  stm32f1xx_hal.o(.data..L_MergedGlobals)
    SystemCoreClock                          0x20000038   Data           4  system_stm32f1xx.o(.data.SystemCoreClock)
    __libspace_start                         0x20000040   Data          96  libspace.o(.bss)
    __temporary_stack_top$libspace           0x200000a0   Data           0  libspace.o(.bss)
    hcrc                                     0x20000168   Data           8  crc.o(.bss.hcrc)
    huart1                                   0x20000170   Data          72  usart.o(.bss.huart1)
    huart2                                   0x200001b8   Data          72  usart.o(.bss.huart2)
    pFlash                                   0x20000200   Data          32  stm32f1xx_hal_flash.o(.bss.pFlash)
    uwTick                                   0x20000220   Data           4  stm32f1xx_hal.o(.bss.uwTick)



==============================================================================

Memory Map of the image

  Image Entry point : 0x080000ed

  Load Region LR_IROM1 (Base: 0x08000000, Size: 0x00003ef0, Max: 0x00010000, ABSOLUTE)

    Execution Region ER_IROM1 (Exec base: 0x08000000, Load base: 0x08000000, Size: 0x00003eac, Max: 0x00010000, ABSOLUTE)

    Exec Addr    Load Addr    Size         Type   Attr      Idx    E Section Name        Object

    0x08000000   0x08000000   0x000000ec   Data   RO            3    RESET               startup_stm32f103xb.o
    0x080000ec   0x080000ec   0x00000008   Code   RO          646  * !!!main             c_w.l(__main.o)
    0x080000f4   0x080000f4   0x00000034   Code   RO          983    !!!scatter          c_w.l(__scatter.o)
    0x08000128   0x08000128   0x0000001a   Code   RO          985    !!handler_copy      c_w.l(__scatter_copy.o)
    0x08000142   0x08000142   0x00000002   PAD
    0x08000144   0x08000144   0x0000001c   Code   RO          987    !!handler_zi        c_w.l(__scatter_zi.o)
    0x08000160   0x08000160   0x00000000   Code   RO          730    .ARM.Collect$$_printf_percent$$00000000  c_w.l(_printf_percent.o)
    0x08000160   0x08000160   0x00000006   Code   RO          719    .ARM.Collect$$_printf_percent$$00000001  c_w.l(_printf_n.o)
    0x08000166   0x08000166   0x00000006   Code   RO          721    .ARM.Collect$$_printf_percent$$00000002  c_w.l(_printf_p.o)
    0x0800016c   0x0800016c   0x00000006   Code   RO          726    .ARM.Collect$$_printf_percent$$00000003  c_w.l(_printf_f.o)
    0x08000172   0x08000172   0x00000006   Code   RO          727    .ARM.Collect$$_printf_percent$$00000004  c_w.l(_printf_e.o)
    0x08000178   0x08000178   0x00000006   Code   RO          728    .ARM.Collect$$_printf_percent$$00000005  c_w.l(_printf_g.o)
    0x0800017e   0x0800017e   0x00000006   Code   RO          729    .ARM.Collect$$_printf_percent$$00000006  c_w.l(_printf_a.o)
    0x08000184   0x08000184   0x0000000a   Code   RO          734    .ARM.Collect$$_printf_percent$$00000007  c_w.l(_printf_ll.o)
    0x0800018e   0x0800018e   0x00000006   Code   RO          723    .ARM.Collect$$_printf_percent$$00000008  c_w.l(_printf_i.o)
    0x08000194   0x08000194   0x00000006   Code   RO          724    .ARM.Collect$$_printf_percent$$00000009  c_w.l(_printf_d.o)
    0x0800019a   0x0800019a   0x00000006   Code   RO          725    .ARM.Collect$$_printf_percent$$0000000A  c_w.l(_printf_u.o)
    0x080001a0   0x080001a0   0x00000006   Code   RO          722    .ARM.Collect$$_printf_percent$$0000000B  c_w.l(_printf_o.o)
    0x080001a6   0x080001a6   0x00000006   Code   RO          720    .ARM.Collect$$_printf_percent$$0000000C  c_w.l(_printf_x.o)
    0x080001ac   0x080001ac   0x00000006   Code   RO          731    .ARM.Collect$$_printf_percent$$0000000D  c_w.l(_printf_lli.o)
    0x080001b2   0x080001b2   0x00000006   Code   RO          732    .ARM.Collect$$_printf_percent$$0000000E  c_w.l(_printf_lld.o)
    0x080001b8   0x080001b8   0x00000006   Code   RO          733    .ARM.Collect$$_printf_percent$$0000000F  c_w.l(_printf_llu.o)
    0x080001be   0x080001be   0x00000006   Code   RO          738    .ARM.Collect$$_printf_percent$$00000010  c_w.l(_printf_llo.o)
    0x080001c4   0x080001c4   0x00000006   Code   RO          739    .ARM.Collect$$_printf_percent$$00000011  c_w.l(_printf_llx.o)
    0x080001ca   0x080001ca   0x0000000a   Code   RO          735    .ARM.Collect$$_printf_percent$$00000012  c_w.l(_printf_l.o)
    0x080001d4   0x080001d4   0x00000006   Code   RO          717    .ARM.Collect$$_printf_percent$$00000013  c_w.l(_printf_c.o)
    0x080001da   0x080001da   0x00000006   Code   RO          718    .ARM.Collect$$_printf_percent$$00000014  c_w.l(_printf_s.o)
    0x080001e0   0x080001e0   0x00000006   Code   RO          736    .ARM.Collect$$_printf_percent$$00000015  c_w.l(_printf_lc.o)
    0x080001e6   0x080001e6   0x00000006   Code   RO          737    .ARM.Collect$$_printf_percent$$00000016  c_w.l(_printf_ls.o)
    0x080001ec   0x080001ec   0x00000004   Code   RO          780    .ARM.Collect$$_printf_percent$$00000017  c_w.l(_printf_percent_end.o)
    0x080001f0   0x080001f0   0x00000002   Code   RO          831    .ARM.Collect$$libinit$$00000000  c_w.l(libinit.o)
    0x080001f2   0x080001f2   0x00000000   Code   RO          850    .ARM.Collect$$libinit$$00000002  c_w.l(libinit2.o)
    0x080001f2   0x080001f2   0x00000000   Code   RO          852    .ARM.Collect$$libinit$$00000004  c_w.l(libinit2.o)
    0x080001f2   0x080001f2   0x00000000   Code   RO          854    .ARM.Collect$$libinit$$00000006  c_w.l(libinit2.o)
    0x080001f2   0x080001f2   0x00000000   Code   RO          857    .ARM.Collect$$libinit$$0000000C  c_w.l(libinit2.o)
    0x080001f2   0x080001f2   0x00000000   Code   RO          859    .ARM.Collect$$libinit$$0000000E  c_w.l(libinit2.o)
    0x080001f2   0x080001f2   0x00000000   Code   RO          861    .ARM.Collect$$libinit$$00000010  c_w.l(libinit2.o)
    0x080001f2   0x080001f2   0x00000006   Code   RO          862    .ARM.Collect$$libinit$$00000011  c_w.l(libinit2.o)
    0x080001f8   0x080001f8   0x00000000   Code   RO          864    .ARM.Collect$$libinit$$00000013  c_w.l(libinit2.o)
    0x080001f8   0x080001f8   0x0000000c   Code   RO          865    .ARM.Collect$$libinit$$00000014  c_w.l(libinit2.o)
    0x08000204   0x08000204   0x00000000   Code   RO          866    .ARM.Collect$$libinit$$00000015  c_w.l(libinit2.o)
    0x08000204   0x08000204   0x00000000   Code   RO          868    .ARM.Collect$$libinit$$00000017  c_w.l(libinit2.o)
    0x08000204   0x08000204   0x0000000a   Code   RO          869    .ARM.Collect$$libinit$$00000018  c_w.l(libinit2.o)
    0x0800020e   0x0800020e   0x00000000   Code   RO          870    .ARM.Collect$$libinit$$00000019  c_w.l(libinit2.o)
    0x0800020e   0x0800020e   0x00000000   Code   RO          872    .ARM.Collect$$libinit$$0000001B  c_w.l(libinit2.o)
    0x0800020e   0x0800020e   0x00000000   Code   RO          874    .ARM.Collect$$libinit$$0000001D  c_w.l(libinit2.o)
    0x0800020e   0x0800020e   0x00000000   Code   RO          876    .ARM.Collect$$libinit$$0000001F  c_w.l(libinit2.o)
    0x0800020e   0x0800020e   0x00000000   Code   RO          878    .ARM.Collect$$libinit$$00000021  c_w.l(libinit2.o)
    0x0800020e   0x0800020e   0x00000000   Code   RO          880    .ARM.Collect$$libinit$$00000023  c_w.l(libinit2.o)
    0x0800020e   0x0800020e   0x00000000   Code   RO          882    .ARM.Collect$$libinit$$00000025  c_w.l(libinit2.o)
    0x0800020e   0x0800020e   0x00000000   Code   RO          884    .ARM.Collect$$libinit$$00000027  c_w.l(libinit2.o)
    0x0800020e   0x0800020e   0x00000000   Code   RO          888    .ARM.Collect$$libinit$$0000002E  c_w.l(libinit2.o)
    0x0800020e   0x0800020e   0x00000000   Code   RO          890    .ARM.Collect$$libinit$$00000030  c_w.l(libinit2.o)
    0x0800020e   0x0800020e   0x00000000   Code   RO          892    .ARM.Collect$$libinit$$00000032  c_w.l(libinit2.o)
    0x0800020e   0x0800020e   0x00000000   Code   RO          894    .ARM.Collect$$libinit$$00000034  c_w.l(libinit2.o)
    0x0800020e   0x0800020e   0x00000002   Code   RO          895    .ARM.Collect$$libinit$$00000035  c_w.l(libinit2.o)
    0x08000210   0x08000210   0x00000002   Code   RO          919    .ARM.Collect$$libshutdown$$00000000  c_w.l(libshutdown.o)
    0x08000212   0x08000212   0x00000000   Code   RO          934    .ARM.Collect$$libshutdown$$00000002  c_w.l(libshutdown2.o)
    0x08000212   0x08000212   0x00000000   Code   RO          936    .ARM.Collect$$libshutdown$$00000004  c_w.l(libshutdown2.o)
    0x08000212   0x08000212   0x00000000   Code   RO          939    .ARM.Collect$$libshutdown$$00000007  c_w.l(libshutdown2.o)
    0x08000212   0x08000212   0x00000000   Code   RO          942    .ARM.Collect$$libshutdown$$0000000A  c_w.l(libshutdown2.o)
    0x08000212   0x08000212   0x00000000   Code   RO          944    .ARM.Collect$$libshutdown$$0000000C  c_w.l(libshutdown2.o)
    0x08000212   0x08000212   0x00000000   Code   RO          947    .ARM.Collect$$libshutdown$$0000000F  c_w.l(libshutdown2.o)
    0x08000212   0x08000212   0x00000002   Code   RO          948    .ARM.Collect$$libshutdown$$00000010  c_w.l(libshutdown2.o)
    0x08000214   0x08000214   0x00000000   Code   RO          648    .ARM.Collect$$rtentry$$00000000  c_w.l(__rtentry.o)
    0x08000214   0x08000214   0x00000000   Code   RO          749    .ARM.Collect$$rtentry$$00000002  c_w.l(__rtentry2.o)
    0x08000214   0x08000214   0x00000006   Code   RO          761    .ARM.Collect$$rtentry$$00000004  c_w.l(__rtentry4.o)
    0x0800021a   0x0800021a   0x00000000   Code   RO          751    .ARM.Collect$$rtentry$$00000009  c_w.l(__rtentry2.o)
    0x0800021a   0x0800021a   0x00000004   Code   RO          752    .ARM.Collect$$rtentry$$0000000A  c_w.l(__rtentry2.o)
    0x0800021e   0x0800021e   0x00000000   Code   RO          754    .ARM.Collect$$rtentry$$0000000C  c_w.l(__rtentry2.o)
    0x0800021e   0x0800021e   0x00000008   Code   RO          755    .ARM.Collect$$rtentry$$0000000D  c_w.l(__rtentry2.o)
    0x08000226   0x08000226   0x00000002   Code   RO          840    .ARM.Collect$$rtexit$$00000000  c_w.l(rtexit.o)
    0x08000228   0x08000228   0x00000000   Code   RO          897    .ARM.Collect$$rtexit$$00000002  c_w.l(rtexit2.o)
    0x08000228   0x08000228   0x00000004   Code   RO          898    .ARM.Collect$$rtexit$$00000003  c_w.l(rtexit2.o)
    0x0800022c   0x0800022c   0x00000006   Code   RO          899    .ARM.Collect$$rtexit$$00000004  c_w.l(rtexit2.o)
    0x08000232   0x08000232   0x00000002   PAD
    0x08000234   0x08000234   0x00000040   Code   RO            4    .text               startup_stm32f103xb.o
    0x08000274   0x08000274   0x00000024   Code   RO          640    .text               c_w.l(vsprintf.o)
    0x08000298   0x08000298   0x0000004e   Code   RO          642    .text               c_w.l(rt_memclr_w.o)
    0x080002e6   0x080002e6   0x00000006   Code   RO          644    .text               c_w.l(heapauxi.o)
    0x080002ec   0x080002ec   0x0000004e   Code   RO          651    .text               c_w.l(_printf_pad.o)
    0x0800033a   0x0800033a   0x00000024   Code   RO          653    .text               c_w.l(_printf_truncate.o)
    0x0800035e   0x0800035e   0x00000052   Code   RO          655    .text               c_w.l(_printf_str.o)
    0x080003b0   0x080003b0   0x00000078   Code   RO          657    .text               c_w.l(_printf_dec.o)
    0x08000428   0x08000428   0x00000028   Code   RO          659    .text               c_w.l(_printf_charcount.o)
    0x08000450   0x08000450   0x00000030   Code   RO          661    .text               c_w.l(_printf_char_common.o)
    0x08000480   0x08000480   0x0000000a   Code   RO          663    .text               c_w.l(_sputc.o)
    0x0800048a   0x0800048a   0x00000002   PAD
    0x0800048c   0x0800048c   0x000000bc   Code   RO          665    .text               c_w.l(_printf_wctomb.o)
    0x08000548   0x08000548   0x0000007c   Code   RO          668    .text               c_w.l(_printf_longlong_dec.o)
    0x080005c4   0x080005c4   0x00000070   Code   RO          674    .text               c_w.l(_printf_oct_int_ll.o)
    0x08000634   0x08000634   0x00000094   Code   RO          694    .text               c_w.l(_printf_hex_int_ll_ptr.o)
    0x080006c8   0x080006c8   0x00000188   Code   RO          714    .text               c_w.l(__printf_flags_ss_wp.o)
    0x08000850   0x08000850   0x0000008a   Code   RO          763    .text               c_w.l(lludiv10.o)
    0x080008da   0x080008da   0x000000b2   Code   RO          765    .text               c_w.l(_printf_intcommon.o)
    0x0800098c   0x0800098c   0x0000041c   Code   RO          767    .text               c_w.l(_printf_fp_dec.o)
    0x08000da8   0x08000da8   0x000002fc   Code   RO          771    .text               c_w.l(_printf_fp_hex.o)
    0x080010a4   0x080010a4   0x0000002c   Code   RO          776    .text               c_w.l(_printf_char.o)
    0x080010d0   0x080010d0   0x0000002c   Code   RO          778    .text               c_w.l(_printf_wchar.o)
    0x080010fc   0x080010fc   0x00000048   Code   RO          781    .text               c_w.l(_c16rtomb.o)
    0x08001144   0x08001144   0x0000004a   Code   RO          783    .text               c_w.l(sys_stackheap_outer.o)
    0x0800118e   0x0800118e   0x00000002   PAD
    0x08001190   0x08001190   0x00000010   Code   RO          785    .text               c_w.l(rt_ctype_table.o)
    0x080011a0   0x080011a0   0x00000008   Code   RO          790    .text               c_w.l(rt_locale_intlibspace.o)
    0x080011a8   0x080011a8   0x00000080   Code   RO          792    .text               c_w.l(_printf_fp_infnan.o)
    0x08001228   0x08001228   0x000000e4   Code   RO          794    .text               c_w.l(bigflt0.o)
    0x0800130c   0x0800130c   0x00000012   Code   RO          824    .text               c_w.l(exit.o)
    0x0800131e   0x0800131e   0x00000002   PAD
    0x08001320   0x08001320   0x00000008   Code   RO          837    .text               c_w.l(libspace.o)
    0x08001328   0x08001328   0x00000080   Code   RO          847    .text               c_w.l(strcmpv7m.o)
    0x080013a8   0x080013a8   0x0000000c   Code   RO          909    .text               c_w.l(sys_exit.o)
    0x080013b4   0x080013b4   0x00000002   Code   RO          924    .text               c_w.l(use_no_semi.o)
    0x080013b6   0x080013b6   0x00000000   Code   RO          926    .text               c_w.l(indicate_semi.o)
    0x080013b6   0x080013b6   0x00000002   PAD
    0x080013b8   0x080013b8   0x00000040   Code   RO          610    .text.BL_Print_Message  bootloader.o
    0x080013f8   0x080013f8   0x00000168   Code   RO          608    .text.BL_UART_FETCH_HOST_COMMAND  bootloader.o
    0x08001560   0x08001560   0x00000002   Code   RO           74    .text.BusFault_Handler  stm32f1xx_it.o
    0x08001562   0x08001562   0x00000002   PAD
    0x08001564   0x08001564   0x00000002   Code   RO           80    .text.DebugMon_Handler  stm32f1xx_it.o
    0x08001566   0x08001566   0x00000002   PAD
    0x08001568   0x08001568   0x0000000a   Code   RO           15    .text.Error_Handler  main.o
    0x08001572   0x08001572   0x00000002   PAD
    0x08001574   0x08001574   0x000000e0   Code   RO          392    .text.FLASH_WaitForLastOperation  stm32f1xx_hal_flash.o
    0x08001654   0x08001654   0x00000080   Code   RO          124    .text.HAL_CRC_Accumulate  stm32f1xx_hal_crc.o
    0x080016d4   0x080016d4   0x0000002a   Code   RO          116    .text.HAL_CRC_Init  stm32f1xx_hal_crc.o
    0x080016fe   0x080016fe   0x00000002   PAD
    0x08001700   0x08001700   0x00000032   Code   RO           37    .text.HAL_CRC_MspInit  crc.o
    0x08001732   0x08001732   0x00000002   PAD
    0x08001734   0x08001734   0x00000028   Code   RO          158    .text.HAL_Delay     stm32f1xx_hal.o
    0x0800175c   0x0800175c   0x000000ee   Code   RO          423    .text.HAL_FLASHEx_Erase  stm32f1xx_hal_flash_ex.o
    0x0800184a   0x0800184a   0x00000002   PAD
    0x0800184c   0x0800184c   0x0000002a   Code   RO          433    .text.HAL_FLASHEx_OBGetConfig  stm32f1xx_hal_flash_ex.o
    0x08001876   0x08001876   0x00000002   PAD
    0x08001878   0x08001878   0x00000014   Code   RO          404    .text.HAL_FLASH_Lock  stm32f1xx_hal_flash.o
    0x0800188c   0x0800188c   0x000000ac   Code   RO          390    .text.HAL_FLASH_Program  stm32f1xx_hal_flash.o
    0x08001938   0x08001938   0x0000002e   Code   RO          402    .text.HAL_FLASH_Unlock  stm32f1xx_hal_flash.o
    0x08001966   0x08001966   0x00000002   PAD
    0x08001968   0x08001968   0x0000021a   Code   RO          250    .text.HAL_GPIO_Init  stm32f1xx_hal_gpio.o
    0x08001b82   0x08001b82   0x00000002   PAD
    0x08001b84   0x08001b84   0x0000000c   Code   RO          150    .text.HAL_GetTick   stm32f1xx_hal.o
    0x08001b90   0x08001b90   0x0000001a   Code   RO          148    .text.HAL_IncTick   stm32f1xx_hal.o
    0x08001baa   0x08001baa   0x00000002   PAD
    0x08001bac   0x08001bac   0x00000026   Code   RO          138    .text.HAL_Init      stm32f1xx_hal.o
    0x08001bd2   0x08001bd2   0x00000002   PAD
    0x08001bd4   0x08001bd4   0x00000048   Code   RO          140    .text.HAL_InitTick  stm32f1xx_hal.o
    0x08001c1c   0x08001c1c   0x00000042   Code   RO           93    .text.HAL_MspInit   stm32f1xx_hal_msp.o
    0x08001c5e   0x08001c5e   0x00000002   PAD
    0x08001c60   0x08001c60   0x00000056   Code   RO          308    .text.HAL_NVIC_SetPriority  stm32f1xx_hal_cortex.o
    0x08001cb6   0x08001cb6   0x00000002   PAD
    0x08001cb8   0x08001cb8   0x00000020   Code   RO          306    .text.HAL_NVIC_SetPriorityGrouping  stm32f1xx_hal_cortex.o
    0x08001cd8   0x08001cd8   0x000001be   Code   RO          202    .text.HAL_RCC_ClockConfig  stm32f1xx_hal_rcc.o
    0x08001e96   0x08001e96   0x00000002   PAD
    0x08001e98   0x08001e98   0x00000026   Code   RO          214    .text.HAL_RCC_GetPCLK1Freq  stm32f1xx_hal_rcc.o
    0x08001ebe   0x08001ebe   0x00000002   PAD
    0x08001ec0   0x08001ec0   0x00000026   Code   RO          216    .text.HAL_RCC_GetPCLK2Freq  stm32f1xx_hal_rcc.o
    0x08001ee6   0x08001ee6   0x00000002   PAD
    0x08001ee8   0x08001ee8   0x000003b4   Code   RO          200    .text.HAL_RCC_OscConfig  stm32f1xx_hal_rcc.o
    0x0800229c   0x0800229c   0x0000002c   Code   RO          318    .text.HAL_SYSTICK_Config  stm32f1xx_hal_cortex.o
    0x080022c8   0x080022c8   0x000000e2   Code   RO          473    .text.HAL_UART_Init  stm32f1xx_hal_uart.o
    0x080023aa   0x080023aa   0x00000002   PAD
    0x080023ac   0x080023ac   0x000000c0   Code   RO           54    .text.HAL_UART_MspInit  usart.o
    0x0800246c   0x0800246c   0x000001b0   Code   RO          489    .text.HAL_UART_Receive  stm32f1xx_hal_uart.o
    0x0800261c   0x0800261c   0x00000278   Code   RO          487    .text.HAL_UART_Transmit  stm32f1xx_hal_uart.o
    0x08002894   0x08002894   0x00000002   Code   RO           70    .text.HardFault_Handler  stm32f1xx_it.o
    0x08002896   0x08002896   0x00000002   PAD
    0x08002898   0x08002898   0x00000026   Code   RO           35    .text.MX_CRC_Init   crc.o
    0x080028be   0x080028be   0x00000002   PAD
    0x080028c0   0x080028c0   0x00000032   Code   RO           27    .text.MX_GPIO_Init  gpio.o
    0x080028f2   0x080028f2   0x00000002   PAD
    0x080028f4   0x080028f4   0x0000003c   Code   RO           50    .text.MX_USART1_UART_Init  usart.o
    0x08002930   0x08002930   0x0000003c   Code   RO           52    .text.MX_USART2_UART_Init  usart.o
    0x0800296c   0x0800296c   0x00000002   Code   RO           72    .text.MemManage_Handler  stm32f1xx_it.o
    0x0800296e   0x0800296e   0x00000002   PAD
    0x08002970   0x08002970   0x00000002   Code   RO           68    .text.NMI_Handler   stm32f1xx_it.o
    0x08002972   0x08002972   0x00000002   PAD
    0x08002974   0x08002974   0x00000002   Code   RO           82    .text.PendSV_Handler  stm32f1xx_it.o
    0x08002976   0x08002976   0x00000002   PAD
    0x08002978   0x08002978   0x00000002   Code   RO           78    .text.SVC_Handler   stm32f1xx_it.o
    0x0800297a   0x0800297a   0x00000002   PAD
    0x0800297c   0x0800297c   0x00000004   Code   RO           84    .text.SysTick_Handler  stm32f1xx_it.o
    0x08002980   0x08002980   0x00000010   Code   RO          593    .text.SystemInit    system_stm32f1xx.o
    0x08002990   0x08002990   0x00000002   Code   RO           76    .text.UsageFault_Handler  stm32f1xx_it.o
    0x08002992   0x08002992   0x00000002   PAD
    0x08002994   0x08002994   0x0000009e   Code   RO          626    .text.handleCBL_CHANGE_ROP_LEVEL_CMD  bootloader.o
    0x08002a32   0x08002a32   0x00000002   PAD
    0x08002a34   0x08002a34   0x00000124   Code   RO          624    .text.handleCBL_EN_R_W_PROTECT_CMD  bootloader.o
    0x08002b58   0x08002b58   0x00000158   Code   RO          620    .text.handleCBL_FLASH_ERASE_CMD  bootloader.o
    0x08002cb0   0x08002cb0   0x00000100   Code   RO          616    .text.handleCBL_GET_CID_CMD  bootloader.o
    0x08002db0   0x08002db0   0x000000f4   Code   RO          614    .text.handleCBL_GET_HELP_CMD  bootloader.o
    0x08002ea4   0x08002ea4   0x00000100   Code   RO          612    .text.handleCBL_GET_VER_CMD  bootloader.o
    0x08002fa4   0x08002fa4   0x00000178   Code   RO          618    .text.handleCBL_GO_TO_ADDR_CMD  bootloader.o
    0x0800311c   0x0800311c   0x00000152   Code   RO          622    .text.handleCBL_MEM_WRITE_CMD  bootloader.o
    0x0800326e   0x0800326e   0x00000002   PAD
    0x08003270   0x08003270   0x000000b8   Code   RO           11    .text.main          main.o
    0x08003328   0x08003328   0x0000003e   Code   RO          797    CL$$btod_d2e        c_w.l(btod.o)
    0x08003366   0x08003366   0x00000046   Code   RO          799    CL$$btod_d2e_denorm_low  c_w.l(btod.o)
    0x080033ac   0x080033ac   0x00000060   Code   RO          798    CL$$btod_d2e_norm_op1  c_w.l(btod.o)
    0x0800340c   0x0800340c   0x00000338   Code   RO          807    CL$$btod_div_common  c_w.l(btod.o)
    0x08003744   0x08003744   0x000000dc   Code   RO          804    CL$$btod_e2e        c_w.l(btod.o)
    0x08003820   0x08003820   0x0000002a   Code   RO          801    CL$$btod_ediv       c_w.l(btod.o)
    0x0800384a   0x0800384a   0x0000002a   Code   RO          800    CL$$btod_emul       c_w.l(btod.o)
    0x08003874   0x08003874   0x00000244   Code   RO          806    CL$$btod_mult_common  c_w.l(btod.o)
    0x08003ab8   0x08003ab8   0x00000028   Code   RO          835    i.__ARM_fpclassify  m_ws.l(fpclassify.o)
    0x08003ae0   0x08003ae0   0x0000000e   Code   RO          707    i._is_digit         c_w.l(__printf_wp.o)
    0x08003aee   0x08003aee   0x00000002   PAD
    0x08003af0   0x08003af0   0x0000002c   Code   RO          822    locale$$code        c_w.l(lc_numeric_c.o)
    0x08003b1c   0x08003b1c   0x0000002c   Code   RO          845    locale$$code        c_w.l(lc_ctype_c.o)
    0x08003b48   0x08003b48   0x00000004   Code   RO          740    x$fpl$printf1       fz_ws.l(printf1.o)
    0x08003b4c   0x08003b4c   0x00000004   Code   RO          742    x$fpl$printf2       fz_ws.l(printf2.o)
    0x08003b50   0x08003b50   0x00000000   Code   RO          834    x$fpl$usenofp       fz_ws.l(usenofp.o)
    0x08003b50   0x08003b50   0x00000008   Data   RO          666    .constdata          c_w.l(_printf_wctomb.o)
    0x08003b58   0x08003b58   0x00000028   Data   RO          695    .constdata          c_w.l(_printf_hex_int_ll_ptr.o)
    0x08003b80   0x08003b80   0x00000011   Data   RO          715    .constdata          c_w.l(__printf_flags_ss_wp.o)
    0x08003b91   0x08003b91   0x00000026   Data   RO          772    .constdata          c_w.l(_printf_fp_hex.o)
    0x08003bb7   0x08003bb7   0x00000001   PAD
    0x08003bb8   0x08003bb8   0x00000094   Data   RO          795    .constdata          c_w.l(bigflt0.o)
    0x08003c4c   0x08003c4c   0x00000010   Data   RO          598    .rodata.AHBPrescTable  system_stm32f1xx.o
    0x08003c5c   0x08003c5c   0x00000008   Data   RO          599    .rodata.APBPrescTable  system_stm32f1xx.o
    0x08003c64   0x08003c64   0x00000002   Data   RO          227    .rodata.HAL_RCC_GetSysClockFreq.aPredivFactorTable  stm32f1xx_hal_rcc.o
    0x08003c66   0x08003c66   0x00000010   Data   RO          226    .rodata.cst16       stm32f1xx_hal_rcc.o
    0x08003c76   0x08003c76   0x000000e8   Data   RO          629    .rodata.str1.1      bootloader.o
    0x08003d5e   0x08003d5e   0x00000002   PAD
    0x08003d60   0x08003d60   0x00000020   Data   RO          982    Region$$Table       anon$$obj.o
    0x08003d80   0x08003d80   0x0000001c   Data   RO          821    locale$$data        c_w.l(lc_numeric_c.o)
    0x08003d9c   0x08003d9c   0x00000110   Data   RO          844    locale$$data        c_w.l(lc_ctype_c.o)


    Execution Region RW_IRAM1 (Exec base: 0x20000000, Load base: 0x08003eb0, Size: 0x00000828, Max: 0x00005000, ABSOLUTE)

    Exec Addr    Load Addr    Size         Type   Attr      Idx    E Section Name        Object

    0x20000000   0x08003eb0   0x00000024   Data   RW           18    .data..L_MergedGlobals  main.o
    0x20000024   0x08003ed4   0x00000008   Data   RW          189    .data..L_MergedGlobals  stm32f1xx_hal.o
    0x2000002c   0x08003edc   0x0000000c   Data   RW          630    .data.BL_Supported_CMDs  bootloader.o
    0x20000038   0x08003ee8   0x00000004   Data   RW          597    .data.SystemCoreClock  system_stm32f1xx.o
    0x2000003c   0x08003eec   0x00000004   PAD
    0x20000040        -       0x00000060   Zero   RW          838    .bss                c_w.l(libspace.o)
    0x200000a0        -       0x000000c8   Zero   RW          628    .bss.BL_HOST_BUFFER  bootloader.o
    0x20000168        -       0x00000008   Zero   RW           41    .bss.hcrc           crc.o
    0x20000170        -       0x00000048   Zero   RW           58    .bss.huart1         usart.o
    0x200001b8        -       0x00000048   Zero   RW           59    .bss.huart2         usart.o
    0x20000200        -       0x00000020   Zero   RW          414    .bss.pFlash         stm32f1xx_hal_flash.o
    0x20000220        -       0x00000004   Zero   RW          188    .bss.uwTick         stm32f1xx_hal.o
    0x20000224   0x08003eec   0x00000004   PAD
    0x20000228        -       0x00000200   Zero   RW            2    HEAP                startup_stm32f103xb.o
    0x20000428        -       0x00000400   Zero   RW            1    STACK               startup_stm32f103xb.o


==============================================================================

Image component sizes


      Code (inc. data)   RO Data    RW Data    ZI Data      Debug   Object Name

      2688        428        232         12        200      14107   bootloader.o
        88          0          0          0          8       2184   crc.o
        50          0          0          0          0        935   gpio.o
       194         24          0         36          0       2323   main.o
        64         26        236          0       1536        820   startup_stm32f103xb.o
       188          0          0          8          4       5766   stm32f1xx_hal.o
       162          0          0          0          0       8524   stm32f1xx_hal_cortex.o
       170          0          0          0          0       3834   stm32f1xx_hal_crc.o
       462          0          0          0         32       5549   stm32f1xx_hal_flash.o
       280          0          0          0          0       6986   stm32f1xx_hal_flash_ex.o
       538         22          0          0          0       4594   stm32f1xx_hal_gpio.o
        66          0          0          0          0       1221   stm32f1xx_hal_msp.o
      1470          0         18          0          0       7696   stm32f1xx_hal_rcc.o
      1290          0          0          0          0      32355   stm32f1xx_hal_uart.o
        20          0          0          0          0       1173   stm32f1xx_it.o
        16          0         24          4          0       2172   system_stm32f1xx.o
       312          0          0          0        144       4532   usart.o

    ----------------------------------------------------------------------
      8112        500        544         60       1932     104771   Object Totals
         0          0         32          0          0          0   (incl. Generated)
        54          0          2          0          8          0   (incl. Padding)

    ----------------------------------------------------------------------

      Code (inc. data)   RO Data    RW Data    ZI Data      Debug   Library Member Name

         8          0          0          0          0         68   __main.o
       392          4         17          0          0         92   __printf_flags_ss_wp.o
        14          0          0          0          0         68   __printf_wp.o
         0          0          0          0          0          0   __rtentry.o
        12          0          0          0          0          0   __rtentry2.o
         6          0          0          0          0          0   __rtentry4.o
        52          8          0          0          0          0   __scatter.o
        26          0          0          0          0          0   __scatter_copy.o
        28          0          0          0          0          0   __scatter_zi.o
        72          0          0          0          0         96   _c16rtomb.o
         6          0          0          0          0          0   _printf_a.o
         6          0          0          0          0          0   _printf_c.o
        44          0          0          0          0        108   _printf_char.o
        48          6          0          0          0         96   _printf_char_common.o
        40          0          0          0          0         68   _printf_charcount.o
         6          0          0          0          0          0   _printf_d.o
       120         16          0          0          0         92   _printf_dec.o
         6          0          0          0          0          0   _printf_e.o
         6          0          0          0          0          0   _printf_f.o
      1052          0          0          0          0        148   _printf_fp_dec.o
       764          8         38          0          0        100   _printf_fp_hex.o
       128         16          0          0          0         84   _printf_fp_infnan.o
         6          0          0          0          0          0   _printf_g.o
       148          4         40          0          0        160   _printf_hex_int_ll_ptr.o
         6          0          0          0          0          0   _printf_i.o
       178          0          0          0          0         88   _printf_intcommon.o
        10          0          0          0          0          0   _printf_l.o
         6          0          0          0          0          0   _printf_lc.o
        10          0          0          0          0          0   _printf_ll.o
         6          0          0          0          0          0   _printf_lld.o
         6          0          0          0          0          0   _printf_lli.o
         6          0          0          0          0          0   _printf_llo.o
         6          0          0          0          0          0   _printf_llu.o
         6          0          0          0          0          0   _printf_llx.o
       124         16          0          0          0         92   _printf_longlong_dec.o
         6          0          0          0          0          0   _printf_ls.o
         6          0          0          0          0          0   _printf_n.o
         6          0          0          0          0          0   _printf_o.o
       112          8          0          0          0        124   _printf_oct_int_ll.o
         6          0          0          0          0          0   _printf_p.o
        78          0          0          0          0        108   _printf_pad.o
         0          0          0          0          0          0   _printf_percent.o
         4          0          0          0          0          0   _printf_percent_end.o
         6          0          0          0          0          0   _printf_s.o
        82          0          0          0          0         80   _printf_str.o
        36          0          0          0          0         84   _printf_truncate.o
         6          0          0          0          0          0   _printf_u.o
        44          0          0          0          0        108   _printf_wchar.o
       188          6          8          0          0         92   _printf_wctomb.o
         6          0          0          0          0          0   _printf_x.o
        10          0          0          0          0         68   _sputc.o
       228          4        148          0          0         96   bigflt0.o
      1936        128          0          0          0        668   btod.o
        18          0          0          0          0         80   exit.o
         6          0          0          0          0        152   heapauxi.o
         0          0          0          0          0          0   indicate_semi.o
        44         10        272          0          0         76   lc_ctype_c.o
        44         10         28          0          0         76   lc_numeric_c.o
         2          0          0          0          0          0   libinit.o
        30          0          0          0          0          0   libinit2.o
         2          0          0          0          0          0   libshutdown.o
         2          0          0          0          0          0   libshutdown2.o
         8          4          0          0         96         68   libspace.o
       138          0          0          0          0         80   lludiv10.o
        16          4          0          0          0         76   rt_ctype_table.o
         8          4          0          0          0         68   rt_locale_intlibspace.o
        78          0          0          0          0         80   rt_memclr_w.o
         2          0          0          0          0          0   rtexit.o
        10          0          0          0          0          0   rtexit2.o
       128          0          0          0          0         68   strcmpv7m.o
        12          4          0          0          0         68   sys_exit.o
        74          0          0          0          0         80   sys_stackheap_outer.o
         2          0          0          0          0         68   use_no_semi.o
        36          4          0          0          0         76   vsprintf.o
         4          0          0          0          0         68   printf1.o
         4          0          0          0          0         68   printf2.o
         0          0          0          0          0          0   usenofp.o
        40          0          0          0          0         68   fpclassify.o

    ----------------------------------------------------------------------
      6836        264        552          0         96       4108   Library Totals
        14          0          1          0          0          0   (incl. Padding)

    ----------------------------------------------------------------------

      Code (inc. data)   RO Data    RW Data    ZI Data      Debug   Library Name

      6774        264        551          0         96       3904   c_w.l
         8          0          0          0          0        136   fz_ws.l
        40          0          0          0          0         68   m_ws.l

    ----------------------------------------------------------------------
      6836        264        552          0         96       4108   Library Totals

    ----------------------------------------------------------------------

==============================================================================


      Code (inc. data)   RO Data    RW Data    ZI Data      Debug   

     14948        764       1096         60       2028     106391   Grand Totals
     14948        764       1096         60       2028     106391   ELF Image Totals
     14948        764       1096         60          0          0   ROM Totals

==============================================================================

    Total RO  Size (Code + RO Data)                16044 (  15.67kB)
    Total RW  Size (RW Data + ZI Data)              2088 (   2.04kB)
    Total ROM Size (Code + RO Data + RW Data)      16104 (  15.73kB)

==============================================================================

